Archive member included to satisfy reference by file (symbol)

C:/ST/STM32CubeIDE_2.0.0/STM32CubeIDE/plugins/com.st.stm32cube.ide.mcu.externaltools.gnu-tools-for-stm32.13.3.rel1.win32_1.0.100.202509120712/tools/bin/../lib/gcc/arm-none-eabi/13.3.1/../../../../arm-none-eabi/lib/thumb/v7e-m+dp/hard\libc_nano.a(libc_a-exit.o)
                              C:/ST/STM32CubeIDE_2.0.0/STM32CubeIDE/plugins/com.st.stm32cube.ide.mcu.externaltools.gnu-tools-for-stm32.13.3.rel1.win32_1.0.100.202509120712/tools/bin/../lib/gcc/arm-none-eabi/13.3.1/../../../../arm-none-eabi/lib/thumb/v7e-m+dp/hard/crt0.o (exit)
C:/ST/STM32CubeIDE_2.0.0/STM32CubeIDE/plugins/com.st.stm32cube.ide.mcu.externaltools.gnu-tools-for-stm32.13.3.rel1.win32_1.0.100.202509120712/tools/bin/../lib/gcc/arm-none-eabi/13.3.1/../../../../arm-none-eabi/lib/thumb/v7e-m+dp/hard\libc_nano.a(libc_a-findfp.o)
                              C:/ST/STM32CubeIDE_2.0.0/STM32CubeIDE/plugins/com.st.stm32cube.ide.mcu.externaltools.gnu-tools-for-stm32.13.3.rel1.win32_1.0.100.202509120712/tools/bin/../lib/gcc/arm-none-eabi/13.3.1/../../../../arm-none-eabi/lib/thumb/v7e-m+dp/hard\libc_nano.a(libc_a-exit.o) (__stdio_exit_handler)
C:/ST/STM32CubeIDE_2.0.0/STM32CubeIDE/plugins/com.st.stm32cube.ide.mcu.externaltools.gnu-tools-for-stm32.13.3.rel1.win32_1.0.100.202509120712/tools/bin/../lib/gcc/arm-none-eabi/13.3.1/../../../../arm-none-eabi/lib/thumb/v7e-m+dp/hard\libc_nano.a(libc_a-fwalk.o)
                              C:/ST/STM32CubeIDE_2.0.0/STM32CubeIDE/plugins/com.st.stm32cube.ide.mcu.externaltools.gnu-tools-for-stm32.13.3.rel1.win32_1.0.100.202509120712/tools/bin/../lib/gcc/arm-none-eabi/13.3.1/../../../../arm-none-eabi/lib/thumb/v7e-m+dp/hard\libc_nano.a(libc_a-findfp.o) (_fwalk_sglue)
C:/ST/STM32CubeIDE_2.0.0/STM32CubeIDE/plugins/com.st.stm32cube.ide.mcu.externaltools.gnu-tools-for-stm32.13.3.rel1.win32_1.0.100.202509120712/tools/bin/../lib/gcc/arm-none-eabi/13.3.1/../../../../arm-none-eabi/lib/thumb/v7e-m+dp/hard\libc_nano.a(libc_a-snprintf.o)
                              ./Src/main.o (snprintf)
C:/ST/STM32CubeIDE_2.0.0/STM32CubeIDE/plugins/com.st.stm32cube.ide.mcu.externaltools.gnu-tools-for-stm32.13.3.rel1.win32_1.0.100.202509120712/tools/bin/../lib/gcc/arm-none-eabi/13.3.1/../../../../arm-none-eabi/lib/thumb/v7e-m+dp/hard\libc_nano.a(libc_a-stdio.o)
                              C:/ST/STM32CubeIDE_2.0.0/STM32CubeIDE/plugins/com.st.stm32cube.ide.mcu.externaltools.gnu-tools-for-stm32.13.3.rel1.win32_1.0.100.202509120712/tools/bin/../lib/gcc/arm-none-eabi/13.3.1/../../../../arm-none-eabi/lib/thumb/v7e-m+dp/hard\libc_nano.a(libc_a-findfp.o) (__sread)
C:/ST/STM32CubeIDE_2.0.0/STM32CubeIDE/plugins/com.st.stm32cube.ide.mcu.externaltools.gnu-tools-for-stm32.13.3.rel1.win32_1.0.100.202509120712/tools/bin/../lib/gcc/arm-none-eabi/13.3.1/../../../../arm-none-eabi/lib/thumb/v7e-m+dp/hard\libc_nano.a(libc_a-memset.o)
                              C:/ST/STM32CubeIDE_2.0.0/STM32CubeIDE/plugins/com.st.stm32cube.ide.mcu.externaltools.gnu-tools-for-stm32.13.3.rel1.win32_1.0.100.202509120712/tools/bin/../lib/gcc/arm-none-eabi/13.3.1/../../../../arm-none-eabi/lib/thumb/v7e-m+dp/hard/crt0.o (memset)
C:/ST/STM32CubeIDE_2.0.0/STM32CubeIDE/plugins/com.st.stm32cube.ide.mcu.externaltools.gnu-tools-for-stm32.13.3.rel1.win32_1.0.100.202509120712/tools/bin/../lib/gcc/arm-none-eabi/13.3.1/../../../../arm-none-eabi/lib/thumb/v7e-m+dp/hard\libc_nano.a(libc_a-closer.o)
                              C:/ST/STM32CubeIDE_2.0.0/STM32CubeIDE/plugins/com.st.stm32cube.ide.mcu.externaltools.gnu-tools-for-stm32.13.3.rel1.win32_1.0.100.202509120712/tools/bin/../lib/gcc/arm-none-eabi/13.3.1/../../../../arm-none-eabi/lib/thumb/v7e-m+dp/hard\libc_nano.a(libc_a-stdio.o) (_close_r)
C:/ST/STM32CubeIDE_2.0.0/STM32CubeIDE/plugins/com.st.stm32cube.ide.mcu.externaltools.gnu-tools-for-stm32.13.3.rel1.win32_1.0.100.202509120712/tools/bin/../lib/gcc/arm-none-eabi/13.3.1/../../../../arm-none-eabi/lib/thumb/v7e-m+dp/hard\libc_nano.a(libc_a-reent.o)
                              C:/ST/STM32CubeIDE_2.0.0/STM32CubeIDE/plugins/com.st.stm32cube.ide.mcu.externaltools.gnu-tools-for-stm32.13.3.rel1.win32_1.0.100.202509120712/tools/bin/../lib/gcc/arm-none-eabi/13.3.1/../../../../arm-none-eabi/lib/thumb/v7e-m+dp/hard\libc_nano.a(libc_a-closer.o) (errno)
C:/ST/STM32CubeIDE_2.0.0/STM32CubeIDE/plugins/com.st.stm32cube.ide.mcu.externaltools.gnu-tools-for-stm32.13.3.rel1.win32_1.0.100.202509120712/tools/bin/../lib/gcc/arm-none-eabi/13.3.1/../../../../arm-none-eabi/lib/thumb/v7e-m+dp/hard\libc_nano.a(libc_a-impure.o)
                              C:/ST/STM32CubeIDE_2.0.0/STM32CubeIDE/plugins/com.st.stm32cube.ide.mcu.externaltools.gnu-tools-for-stm32.13.3.rel1.win32_1.0.100.202509120712/tools/bin/../lib/gcc/arm-none-eabi/13.3.1/../../../../arm-none-eabi/lib/thumb/v7e-m+dp/hard\libc_nano.a(libc_a-snprintf.o) (_impure_ptr)
[...]
Memory Configuration

Name             Origin             Length             Attributes
RAM              0x20000000         0x00080000         xrw
FLASH            0x08000000         0x00200000         xr
*default*        0x00000000         0xffffffff

Linker script and memory map

LOAD C:/ST/STM32CubeIDE_2.0.0/STM32CubeIDE/plugins/com.st.stm32cube.ide.mcu.externaltools.gnu-tools-for-stm32.13.3.rel1.win32_1.0.100.202509120712/tools/bin/../lib/gcc/arm-none-eabi/13.3.1/thumb/v7e-m+dp/hard/crti.o
LOAD C:/ST/STM32CubeIDE_2.0.0/STM32CubeIDE/plugins/com.st.stm32cube.ide.mcu.externaltools.gnu-tools-for-stm32.13.3.rel1.win32_1.0.100.202509120712/tools/bin/../lib/gcc/arm-none-eabi/13.3.1/thumb/v7e-m+dp/hard/crtbegin.o
LOAD C:/ST/STM32CubeIDE_2.0.0/STM32CubeIDE/plugins/com.st.stm32cube.ide.mcu.externaltools.gnu-tools-for-stm32.13.3.rel1.win32_1.0.100.202509120712/tools/bin/../lib/gcc/arm-none-eabi/13.3.1/../../../../arm-none-eabi/lib/thumb/v7e-m+dp/hard/crt0.o
LOAD ./Src/adc_dac.o
LOAD ./Src/audio_process.o
LOAD ./Src/dma.o
LOAD ./Src/fpu.o
LOAD ./Src/gpio.o
LOAD ./Src/main.o
LOAD ./Src/syscalls.o
LOAD ./Src/sysmem.o
LOAD ./Src/systick.o
LOAD ./Src/tim.o
LOAD ./Src/tremolo.o
LOAD ./Src/usart.o
LOAD ./Startup/startup_stm32f767zitx.o
START GROUP
LOAD C:/ST/STM32CubeIDE_2.0.0/STM32CubeIDE/plugins/com.st.stm32cube.ide.mcu.externaltools.gnu-tools-for-stm32.13.3.rel1.win32_1.0.100.202509120712/tools/bin/../lib/gcc/arm-none-eabi/13.3.1/../../../../arm-none-eabi/lib/thumb/v7e-m+dp/hard\libc_nano.a
LOAD C:/ST/STM32CubeIDE_2.0.0/STM32CubeIDE/plugins/com.st.stm32cube.ide.mcu.externaltools.gnu-tools-for-stm32.13.3.rel1.win32_1.0.100.202509120712/tools/bin/../lib/gcc/arm-none-eabi/13.3.1/../../../../arm-none-eabi/lib/thumb/v7e-m+dp/hard\libm.a
END GROUP
START GROUP
LOAD C:/ST/STM32CubeIDE_2.0.0/STM32CubeIDE/plugins/com.st.stm32cube.ide.mcu.externaltools.gnu-tools-for-stm32.13.3.rel1.win32_1.0.100.202509120712/tools/bin/../lib/gcc/arm-none-eabi/13.3.1/thumb/v7e-m+dp/hard\libgcc.a
LOAD C:/ST/STM32CubeIDE_2.0.0/STM32CubeIDE/plugins/com.st.stm32cube.ide.mcu.externaltools.gnu-tools-for-stm32.13.3.rel1.win32_1.0.100.202509120712/tools/bin/../lib/gcc/arm-none-eabi/13.3.1/../../../../arm-none-eabi/lib/thumb/v7e-m+dp/hard\libc_nano.a
END GROUP
START GROUP
LOAD C:/ST/STM32CubeIDE_2.0.0/STM32CubeIDE/plugins/com.st.stm32cube.ide.mcu.externaltools.gnu-tools-for-stm32.13.3.rel1.win32_1.0.100.202509120712/tools/bin/../lib/gcc/arm-none-eabi/13.3.1/thumb/v7e-m+dp/hard\libgcc.a
LOAD C:/ST/STM32CubeIDE_2.0.0/STM32CubeIDE/plugins/com.st.stm32cube.ide.mcu.externaltools.gnu-tools-for-stm32.13.3.rel1.win32_1.0.100.202509120712/tools/bin/../lib/gcc/arm-none-eabi/13.3.1/../../../../arm-none-eabi/lib/thumb/v7e-m+dp/hard\libc_nano.a
LOAD C:/ST/STM32CubeIDE_2.0.0/STM32CubeIDE/plugins/com.st.stm32cube.ide.mcu.externaltools.gnu-tools-for-stm32.13.3.rel1.win32_1.0.100.202509120712/tools/bin/../lib/gcc/arm-none-eabi/13.3.1/../../../../arm-none-eabi/lib/thumb/v7e-m+dp/hard\libnosys.a
END GROUP
START GROUP
LOAD C:/ST/STM32CubeIDE_2.0.0/STM32CubeIDE/plugins/com.st.stm32cube.ide.mcu.externaltools.gnu-tools-for-stm32.13.3.rel1.win32_1.0.100.202509120712/tools/bin/../lib/gcc/arm-none-eabi/13.3.1/thumb/v7e-m+dp/hard\libgcc.a
LOAD C:/ST/STM32CubeIDE_2.0.0/STM32CubeIDE/plugins/com.st.stm32cube.ide.mcu.externaltools.gnu-tools-for-stm32.13.3.rel1.win32_1.0.100.202509120712/tools/bin/../lib/gcc/arm-none-eabi/13.3.1/../../../../arm-none-eabi/lib/thumb/v7e-m+dp/hard\libc_nano.a
LOAD C:/ST/STM32CubeIDE_2.0.0/STM32CubeIDE/plugins/com.st.stm32cube.ide.mcu.externaltools.gnu-tools-for-stm32.13.3.rel1.win32_1.0.100.202509120712/tools/bin/../lib/gcc/arm-none-eabi/13.3.1/../../../../arm-none-eabi/lib/thumb/v7e-m+dp/hard\libnosys.a
END GROUP
LOAD C:/ST/STM32CubeIDE_2.0.0/STM32CubeIDE/plugins/com.st.stm32cube.ide.mcu.externaltools.gnu-tools-for-stm32.13.3.rel1.win32_1.0.100.202509120712/tools/bin/../lib/gcc/arm-none-eabi/13.3.1/thumb/v7e-m+dp/hard/crtend.o
LOAD C:/ST/STM32CubeIDE_2.0.0/STM32CubeIDE/plugins/com.st.stm32cube.ide.mcu.externaltools.gnu-tools-for-stm32.13.3.rel1.win32_1.0.100.202509120712/tools/bin/../lib/gcc/arm-none-eabi/13.3.1/thumb/v7e-m+dp/hard/crtn.o
                0x20080000                        _estack = (ORIGIN (RAM) + LENGTH (RAM))
                0x00000200                        _Min_Heap_Size = 0x200
                0x00000400                        _Min_Stack_Size = 0x400

.isr_vector     0x08000000      0x1f8
                0x08000000                        . = ALIGN (0x4)
 *(.isr_vector)
 .isr_vector    0x08000000      0x1f8 ./Startup/startup_stm32f767zitx.o
                0x08000000                g_pfnVectors
                0x080001f8                        . = ALIGN (0x4)

.text           0x08000200     0x137c
                0x08000200                        . = ALIGN (0x4)
 *(.text)
 .text          0x08000200       0x40 C:/ST/STM32CubeIDE_2.0.0/STM32CubeIDE/plugins/com.st.stm32cube.ide.mcu.externaltools.gnu-tools-for-stm32.13.3.rel1.win32_1.0.100.202509120712/tools/bin/../lib/gcc/arm-none-eabi/13.3.1/thumb/v7e-m+dp/hard/crtbegin.o
 .text          0x08000240       0xa0 C:/ST/STM32CubeIDE_2.0.0/STM32CubeIDE/plugins/com.st.stm32cube.ide.mcu.externaltools.gnu-tools-for-stm32.13.3.rel1.win32_1.0.100.202509120712/tools/bin/../lib/gcc/arm-none-eabi/13.3.1/../../../../arm-none-eabi/lib/thumb/v7e-m+dp/hard\libc_nano.a(libc_a-memchr.o)
                0x08000240                memchr
 *(.text*)
 .text.Audio_ADC_Init
                0x080002e0       0xc0 ./Src/adc_dac.o
                0x080002e0                Audio_ADC_Init
 .text.audio_pipeline_pk_to_pk
                0x080003a0       0x74 ./Src/audio_process.o
                0x080003a0                audio_pipeline_pk_to_pk
 .text.DMA2_Stream0_ADC_Init
                0x08000414       0xa4 ./Src/dma.o
                0x08000414                DMA2_Stream0_ADC_Init
 .text.DMA2_Stream0_IRQHandler
                0x080004b8       0x50 ./Src/dma.o
                0x080004b8                DMA2_Stream0_IRQHandler
 .text.DMA1_Stream5_IRQHandler
                0x08000508       0x58 ./Src/dma.o
                0x08000508                DMA1_Stream5_IRQHandler
 .text.FPU_Init
                0x08000560       0x20 ./Src/fpu.o
                0x08000560                FPU_Init
 .text.GPIO_ClockEnable
                0x08000580       0xe8 ./Src/gpio.o
                0x08000580                GPIO_ClockEnable
 .text.GPIO_Init
                0x08000668       0x48 ./Src/gpio.o
                0x08000668                GPIO_Init
 .text.GPIO_SetFunct
                0x080006b0       0x7e ./Src/gpio.o
                0x080006b0                GPIO_SetFunct
 *fill*         0x0800072e        0x2 
 .text.AudioBlock_Ready_Callback
                0x08000730       0x28 ./Src/main.o
                0x08000730                AudioBlock_Ready_Callback
 .text.main     0x08000758       0xac ./Src/main.o
                0x08000758                main
 .text.SystemClock_Init
                0x08000804       0xdc ./Src/main.o
                0x08000804                SystemClock_Init
 .text._sbrk    0x080008e0       0x6c ./Src/sysmem.o
                0x080008e0                _sbrk
 .text.SysTick_Handler
                0x0800094c       0x1c ./Src/systick.o
                0x0800094c                SysTick_Handler
 .text.TIM2_SampleClock_Init
                0x08000968       0x98 ./Src/tim.o
                0x08000968                TIM2_SampleClock_Init
 .text.TIM2_IRQHandler
                0x08000a00       0x5c ./Src/tim.o
                0x08000a00                TIM2_IRQHandler
 .text.USART3_Init
                0x08000a5c       0x7c ./Src/usart.o
                0x08000a5c                USART3_Init
 .text.USART3_WriteChar
                0x08000ad8       0x30 ./Src/usart.o
                0x08000ad8                USART3_WriteChar
 .text.USART3_WriteStr
                0x08000b08       0x2a ./Src/usart.o
                0x08000b08                USART3_WriteStr
 *fill*         0x08000b32        0x2 
 .text.USART3_IRQHandler
                0x08000b34       0x84 ./Src/usart.o
                0x08000b34                USART3_IRQHandler
 .text.Reset_Handler
                0x08000bb8       0x50 ./Startup/startup_stm32f767zitx.o
                0x08000bb8                Reset_Handler
 .text.Default_Handler
                0x08000c08        0x2 ./Startup/startup_stm32f767zitx.o
                0x08000c08                HASH_RNG_IRQHandler
                0x08000c08                EXTI2_IRQHandler
                0x08000c08                TIM8_CC_IRQHandler
                0x08000c08                DebugMon_Handler
                0x08000c08                UART8_IRQHandler
                0x08000c08                LP_Timer1_IRQHandler
                0x08000c08                SPI4_IRQHandler
                0x08000c08                TIM1_CC_IRQHandler
                0x08000c08                QuadSPI_IRQHandler
                0x08000c08                DMA2_Stream5_IRQHandler
                0x08000c08                HardFault_Handler
                0x08000c08                JPEG_IRQHandler
                0x08000c08                DSIHOST_IRQHandler
                0x08000c08                CAN3_RX1_IRQHandler
                0x08000c08                PVD_IRQHandler
                0x08000c08                TAMP_STAMP_IRQHandler
                0x08000c08                PendSV_Handler
                0x08000c08                NMI_Handler
                0x08000c08                CAN2_RX1_IRQHandler
                0x08000c08                EXTI3_IRQHandler
                0x08000c08                TIM8_TRG_COM_TIM14_IRQHandler
                0x08000c08                DFSDM1_FLT1_IRQHandler
                0x08000c08                TIM1_UP_TIM10_IRQHandler
                0x08000c08                TIM8_UP_TIM13_IRQHandler
                0x08000c08                I2C3_ER_IRQHandler
                0x08000c08                DFSDM1_FLT2_IRQHandler
                0x08000c08                LCD_TFT_IRQHandler
                0x08000c08                EXTI0_IRQHandler
                0x08000c08                I2C2_EV_IRQHandler
                0x08000c08                DMA1_Stream2_IRQHandler
                0x08000c08                CAN1_RX0_IRQHandler
                0x08000c08                FPU_IRQHandler
                0x08000c08                OTG_HS_WKUP_IRQHandler
                0x08000c08                CAN3_SCE_IRQHandler
                0x08000c08                UsageFault_Handler
                0x08000c08                CAN2_SCE_IRQHandler
                0x08000c08                DMA2_Stream2_IRQHandler
                0x08000c08                SPI1_IRQHandler
                0x08000c08                TIM6_DAC_IRQHandler
                0x08000c08                TIM1_BRK_TIM9_IRQHandler
                0x08000c08                DCMI_IRQHandler
                0x08000c08                CAN2_RX0_IRQHandler
                0x08000c08                DMA2_Stream3_IRQHandler
                0x08000c08                RTC_ALARM_IRQHandler
                0x08000c08                SAI2_IRQHandler
                0x08000c08                DFSDM1_FLT3_IRQHandler
                0x08000c08                USART6_IRQHandler
                0x08000c08                CAN3_RX0_IRQHandler
                0x08000c08                CRYP_IRQHandler
                0x08000c08                CAN1_RX1_IRQHandler
                0x08000c08                UART5_IRQHandler
                0x08000c08                TIM4_IRQHandler
                0x08000c08                I2C1_EV_IRQHandler
                0x08000c08                HDMI_CEC_IRQHandler
                0x08000c08                DMA1_Stream6_IRQHandler
                0x08000c08                DMA1_Stream1_IRQHandler
                0x08000c08                UART4_IRQHandler
                0x08000c08                LCD_TFT_1_IRQHandler
                0x08000c08                TIM3_IRQHandler
                0x08000c08                RCC_IRQHandler
                0x08000c08                TIM8_BRK_TIM12_IRQHandler
                0x08000c08                Default_Handler
                0x08000c08                EXTI15_10_IRQHandler
                0x08000c08                ADC_IRQHandler
                0x08000c08                DMA1_Stream7_IRQHandler
                0x08000c08                SPI5_IRQHandler
                0x08000c08                TIM7_IRQHandler
                0x08000c08                SDMMC1_IRQHandler
                0x08000c08                CAN2_TX_IRQHandler
                0x08000c08                TIM5_IRQHandler
                0x08000c08                DMA2_Stream7_IRQHandler
                0x08000c08                I2C3_EV_IRQHandler
                0x08000c08                EXTI9_5_IRQHandler
                0x08000c08                RTC_WKUP_IRQHandler
                0x08000c08                ETH_WKUP_IRQHandler
                0x08000c08                SPI2_IRQHandler
                0x08000c08                OTG_HS_EP1_IN_IRQHandler
                0x08000c08                MemManage_Handler
                0x08000c08                DMA1_Stream0_IRQHandler
                0x08000c08                CAN1_TX_IRQHandler
                0x08000c08                SVC_Handler
                0x08000c08                EXTI4_IRQHandler
                0x08000c08                ETH_IRQHandler
                0x08000c08                OTG_HS_EP1_OUT_IRQHandler
                0x08000c08                WWDG_IRQHandler
                0x08000c08                SPI6_IRQHandler
                0x08000c08                MDIOS_IRQHandler
                0x08000c08                I2C4_EV_IRQHandler
                0x08000c08                CAN3_TX_IRQHandler
                0x08000c08                OTG_FS_WKUP_IRQHandler
                0x08000c08                TIM1_TRG_COM_TIM11_IRQHandler
                0x08000c08                OTG_HS_IRQHandler
                0x08000c08                DMA2D_IRQHandler
                0x08000c08                EXTI1_IRQHandler
                0x08000c08                SDMMC2_IRQHandler
                0x08000c08                UART7_IRQHandler
                0x08000c08                USART2_IRQHandler
                0x08000c08                DFSDM1_FLT0_IRQHandler
                0x08000c08                I2C2_ER_IRQHandler
                0x08000c08                SPDIFRX_IRQHandler
                0x08000c08                DMA2_Stream1_IRQHandler
                0x08000c08                CAN1_SCE_IRQHandler
                0x08000c08                FLASH_IRQHandler
                0x08000c08                DMA2_Stream4_IRQHandler
                0x08000c08                BusFault_Handler
                0x08000c08                USART1_IRQHandler
                0x08000c08                OTG_FS_IRQHandler
                0x08000c08                SPI3_IRQHandler
                0x08000c08                DMA1_Stream4_IRQHandler
                0x08000c08                I2C1_ER_IRQHandler
                0x08000c08                FMC_IRQHandler
                0x08000c08                I2C4_ER_IRQHandler
                0x08000c08                DMA2_Stream6_IRQHandler
                0x08000c08                SAI1_IRQHandler
                0x08000c08                DMA1_Stream3_IRQHandler
 *fill*         0x08000c0a        0x2 
 .text.snprintf
                0x08000c0c       0x6c C:/ST/STM32CubeIDE_2.0.0/STM32CubeIDE/plugins/com.st.stm32cube.ide.mcu.externaltools.gnu-tools-for-stm32.13.3.rel1.win32_1.0.100.202509120712/tools/bin/../lib/gcc/arm-none-eabi/13.3.1/../../../../arm-none-eabi/lib/thumb/v7e-m+dp/hard\libc_nano.a(libc_a-snprintf.o)
                0x08000c0c                sniprintf
                0x08000c0c                snprintf
 .text.__errno  0x08000c78        0xc C:/ST/STM32CubeIDE_2.0.0/STM32CubeIDE/plugins/com.st.stm32cube.ide.mcu.externaltools.gnu-tools-for-stm32.13.3.rel1.win32_1.0.100.202509120712/tools/bin/../lib/gcc/arm-none-eabi/13.3.1/../../../../arm-none-eabi/lib/thumb/v7e-m+dp/hard\libc_nano.a(libc_a-errno.o)
                0x08000c78                __errno
 .text.__libc_init_array
                0x08000c84       0x48 C:/ST/STM32CubeIDE_2.0.0/STM32CubeIDE/plugins/com.st.stm32cube.ide.mcu.externaltools.gnu-tools-for-stm32.13.3.rel1.win32_1.0.100.202509120712/tools/bin/../lib/gcc/arm-none-eabi/13.3.1/../../../../arm-none-eabi/lib/thumb/v7e-m+dp/hard\libc_nano.a(libc_a-init.o)
                0x08000c84                __libc_init_array
 .text.__retarget_lock_acquire_recursive
                0x08000ccc        0x2 C:/ST/STM32CubeIDE_2.0.0/STM32CubeIDE/plugins/com.st.stm32cube.ide.mcu.externaltools.gnu-tools-for-stm32.13.3.rel1.win32_1.0.100.202509120712/tools/bin/../lib/gcc/arm-none-eabi/13.3.1/../../../../arm-none-eabi/lib/thumb/v7e-m+dp/hard\libc_nano.a(libc_a-lock.o)
                0x08000ccc                __retarget_lock_acquire_recursive
 .text.__retarget_lock_release_recursive
                0x08000cce        0x2 C:/ST/STM32CubeIDE_2.0.0/STM32CubeIDE/plugins/com.st.stm32cube.ide.mcu.externaltools.gnu-tools-for-stm32.13.3.rel1.win32_1.0.100.202509120712/tools/bin/../lib/gcc/arm-none-eabi/13.3.1/../../../../arm-none-eabi/lib/thumb/v7e-m+dp/hard\libc_nano.a(libc_a-lock.o)
                0x08000cce                __retarget_lock_release_recursive
 .text._free_r  0x08000cd0       0x94 C:/ST/STM32CubeIDE_2.0.0/STM32CubeIDE/plugins/com.st.stm32cube.ide.mcu.externaltools.gnu-tools-for-stm32.13.3.rel1.win32_1.0.100.202509120712/tools/bin/../lib/gcc/arm-none-eabi/13.3.1/../../../../arm-none-eabi/lib/thumb/v7e-m+dp/hard\libc_nano.a(libc_a-freer.o)
                0x08000cd0                _free_r
 .text.sbrk_aligned
                0x08000d64       0x44 C:/ST/STM32CubeIDE_2.0.0/STM32CubeIDE/plugins/com.st.stm32cube.ide.mcu.externaltools.gnu-tools-for-stm32.13.3.rel1.win32_1.0.100.202509120712/tools/bin/../lib/gcc/arm-none-eabi/13.3.1/../../../../arm-none-eabi/lib/thumb/v7e-m+dp/hard\libc_nano.a(libc_a-mallocr.o)
 .text._malloc_r
                0x08000da8      0x100 C:/ST/STM32CubeIDE_2.0.0/STM32CubeIDE/plugins/com.st.stm32cube.ide.mcu.externaltools.gnu-tools-for-stm32.13.3.rel1.win32_1.0.100.202509120712/tools/bin/../lib/gcc/arm-none-eabi/13.3.1/../../../../arm-none-eabi/lib/thumb/v7e-m+dp/hard\libc_nano.a(libc_a-mallocr.o)
                0x08000da8                _malloc_r
 .text.__malloc_lock
                0x08000ea8        0xc C:/ST/STM32CubeIDE_2.0.0/STM32CubeIDE/plugins/com.st.stm32cube.ide.mcu.externaltools.gnu-tools-for-stm32.13.3.rel1.win32_1.0.100.202509120712/tools/bin/../lib/gcc/arm-none-eabi/13.3.1/../../../../arm-none-eabi/lib/thumb/v7e-m+dp/hard\libc_nano.a(libc_a-mlock.o)
                0x08000ea8                __malloc_lock
 .text.__malloc_unlock
                0x08000eb4        0xc C:/ST/STM32CubeIDE_2.0.0/STM32CubeIDE/plugins/com.st.stm32cube.ide.mcu.externaltools.gnu-tools-for-stm32.13.3.rel1.win32_1.0.100.202509120712/tools/bin/../lib/gcc/arm-none-eabi/13.3.1/../../../../arm-none-eabi/lib/thumb/v7e-m+dp/hard\libc_nano.a(libc_a-mlock.o)
                0x08000eb4                __malloc_unlock
 .text.__ssputs_r
                0x08000ec0       0xb6 C:/ST/STM32CubeIDE_2.0.0/STM32CubeIDE/plugins/com.st.stm32cube.ide.mcu.externaltools.gnu-tools-for-stm32.13.3.rel1.win32_1.0.100.202509120712/tools/bin/../lib/gcc/arm-none-eabi/13.3.1/../../../../arm-none-eabi/lib/thumb/v7e-m+dp/hard\libc_nano.a(libc_a-nano-svfprintf.o)
                0x08000ec0                __ssputs_r
 *fill*         0x08000f76        0x2 
 .text._svfprintf_r
                0x08000f78      0x1f8 C:/ST/STM32CubeIDE_2.0.0/STM32CubeIDE/plugins/com.st.stm32cube.ide.mcu.externaltools.gnu-tools-for-stm32.13.3.rel1.win32_1.0.100.202509120712/tools/bin/../lib/gcc/arm-none-eabi/13.3.1/../../../../arm-none-eabi/lib/thumb/v7e-m+dp/hard\libc_nano.a(libc_a-nano-svfprintf.o)
                0x08000f78                _svfiprintf_r
                0x08000f78                _svfprintf_r
 .text._printf_common
                0x08001170       0xda C:/ST/STM32CubeIDE_2.0.0/STM32CubeIDE/plugins/com.st.stm32cube.ide.mcu.externaltools.gnu-tools-for-stm32.13.3.rel1.win32_1.0.100.202509120712/tools/bin/../lib/gcc/arm-none-eabi/13.3.1/../../../../arm-none-eabi/lib/thumb/v7e-m+dp/hard\libc_nano.a(libc_a-nano-vfprintf_i.o)
                0x08001170                _printf_common
 *fill*         0x0800124a        0x2 
 .text._printf_i
                0x0800124c      0x23c C:/ST/STM32CubeIDE_2.0.0/STM32CubeIDE/plugins/com.st.stm32cube.ide.mcu.externaltools.gnu-tools-for-stm32.13.3.rel1.win32_1.0.100.202509120712/tools/bin/../lib/gcc/arm-none-eabi/13.3.1/../../../../arm-none-eabi/lib/thumb/v7e-m+dp/hard\libc_nano.a(libc_a-nano-vfprintf_i.o)
                0x0800124c                _printf_i
 .text.memmove  0x08001488       0x34 C:/ST/STM32CubeIDE_2.0.0/STM32CubeIDE/plugins/com.st.stm32cube.ide.mcu.externaltools.gnu-tools-for-stm32.13.3.rel1.win32_1.0.100.202509120712/tools/bin/../lib/gcc/arm-none-eabi/13.3.1/../../../../arm-none-eabi/lib/thumb/v7e-m+dp/hard\libc_nano.a(libc_a-memmove.o)
                0x08001488                memmove
 .text._sbrk_r  0x080014bc       0x20 C:/ST/STM32CubeIDE_2.0.0/STM32CubeIDE/plugins/com.st.stm32cube.ide.mcu.externaltools.gnu-tools-for-stm32.13.3.rel1.win32_1.0.100.202509120712/tools/bin/../lib/gcc/arm-none-eabi/13.3.1/../../../../arm-none-eabi/lib/thumb/v7e-m+dp/hard\libc_nano.a(libc_a-sbrkr.o)
                0x080014bc                _sbrk_r
 .text.memcpy   0x080014dc       0x1c C:/ST/STM32CubeIDE_2.0.0/STM32CubeIDE/plugins/com.st.stm32cube.ide.mcu.externaltools.gnu-tools-for-stm32.13.3.rel1.win32_1.0.100.202509120712/tools/bin/../lib/gcc/arm-none-eabi/13.3.1/../../../../arm-none-eabi/lib/thumb/v7e-m+dp/hard\libc_nano.a(libc_a-memcpy-stub.o)
                0x080014dc                memcpy
 .text._realloc_r
                0x080014f8       0x5c C:/ST/STM32CubeIDE_2.0.0/STM32CubeIDE/plugins/com.st.stm32cube.ide.mcu.externaltools.gnu-tools-for-stm32.13.3.rel1.win32_1.0.100.202509120712/tools/bin/../lib/gcc/arm-none-eabi/13.3.1/../../../../arm-none-eabi/lib/thumb/v7e-m+dp/hard\libc_nano.a(libc_a-reallocr.o)
                0x080014f8                _realloc_r
 .text._malloc_usable_size_r
                0x08001554       0x10 C:/ST/STM32CubeIDE_2.0.0/STM32CubeIDE/plugins/com.st.stm32cube.ide.mcu.externaltools.gnu-tools-for-stm32.13.3.rel1.win32_1.0.100.202509120712/tools/bin/../lib/gcc/arm-none-eabi/13.3.1/../../../../arm-none-eabi/lib/thumb/v7e-m+dp/hard\libc_nano.a(libc_a-msizer.o)
                0x08001554                _malloc_usable_size_r
 *(.glue_7)
 .glue_7        0x08001564        0x0 linker stubs
 *(.glue_7t)
 .glue_7t       0x08001564        0x0 linker stubs
 *(.eh_frame)
 .eh_frame      0x08001564        0x0 C:/ST/STM32CubeIDE_2.0.0/STM32CubeIDE/plugins/com.st.stm32cube.ide.mcu.externaltools.gnu-tools-for-stm32.13.3.rel1.win32_1.0.100.202509120712/tools/bin/../lib/gcc/arm-none-eabi/13.3.1/thumb/v7e-m+dp/hard/crtbegin.o
 *(.init)
 .init          0x08001564        0x4 C:/ST/STM32CubeIDE_2.0.0/STM32CubeIDE/plugins/com.st.stm32cube.ide.mcu.externaltools.gnu-tools-for-stm32.13.3.rel1.win32_1.0.100.202509120712/tools/bin/../lib/gcc/arm-none-eabi/13.3.1/thumb/v7e-m+dp/hard/crti.o
                0x08001564                _init
 .init          0x08001568        0x8 C:/ST/STM32CubeIDE_2.0.0/STM32CubeIDE/plugins/com.st.stm32cube.ide.mcu.externaltools.gnu-tools-for-stm32.13.3.rel1.win32_1.0.100.202509120712/tools/bin/../lib/gcc/arm-none-eabi/13.3.1/thumb/v7e-m+dp/hard/crtn.o
 *(.fini)
 .fini          0x08001570        0x4 C:/ST/STM32CubeIDE_2.0.0/STM32CubeIDE/plugins/com.st.stm32cube.ide.mcu.externaltools.gnu-tools-for-stm32.13.3.rel1.win32_1.0.100.202509120712/tools/bin/../lib/gcc/arm-none-eabi/13.3.1/thumb/v7e-m+dp/hard/crti.o
                0x08001570                _fini
 .fini          0x08001574        0x8 C:/ST/STM32CubeIDE_2.0.0/STM32CubeIDE/plugins/com.st.stm32cube.ide.mcu.externaltools.gnu-tools-for-stm32.13.3.rel1.win32_1.0.100.202509120712/tools/bin/../lib/gcc/arm-none-eabi/13.3.1/thumb/v7e-m+dp/hard/crtn.o
                0x0800157c                        . = ALIGN (0x4)
                0x0800157c                        _etext = .

.vfp11_veneer   0x0800157c        0x0
 .vfp11_veneer  0x0800157c        0x0 linker stubs

.v4_bx          0x0800157c        0x0
 .v4_bx         0x0800157c        0x0 linker stubs

.iplt           0x0800157c        0x0
 .iplt          0x0800157c        0x0 C:/ST/STM32CubeIDE_2.0.0/STM32CubeIDE/plugins/com.st.stm32cube.ide.mcu.externaltools.gnu-tools-for-stm32.13.3.rel1.win32_1.0.100.202509120712/tools/bin/../lib/gcc/arm-none-eabi/13.3.1/thumb/v7e-m+dp/hard/crtbegin.o

.rodata         0x0800157c       0x84
                0x0800157c                        . = ALIGN (0x4)
 *(.rodata)
 .rodata        0x0800157c       0x46 ./Src/main.o
 *fill*         0x080015c2        0x2 
 .rodata        0x080015c4        0x8 ./Src/tim.o
 *(.rodata*)
 .rodata._svfprintf_r.str1.1
                0x080015cc       0x33 C:/ST/STM32CubeIDE_2.0.0/STM32CubeIDE/plugins/com.st.stm32cube.ide.mcu.externaltools.gnu-tools-for-stm32.13.3.rel1.win32_1.0.100.202509120712/tools/bin/../lib/gcc/arm-none-eabi/13.3.1/../../../../arm-none-eabi/lib/thumb/v7e-m+dp/hard\libc_nano.a(libc_a-nano-svfprintf.o)
                                 0x11 (size before relaxing)
 .rodata._printf_i.str1.1
                0x080015ff        0x0 C:/ST/STM32CubeIDE_2.0.0/STM32CubeIDE/plugins/com.st.stm32cube.ide.mcu.externaltools.gnu-tools-for-stm32.13.3.rel1.win32_1.0.100.202509120712/tools/bin/../lib/gcc/arm-none-eabi/13.3.1/../../../../arm-none-eabi/lib/thumb/v7e-m+dp/hard\libc_nano.a(libc_a-nano-vfprintf_i.o)
                                 0x22 (size before relaxing)
                0x08001600                        . = ALIGN (0x4)
 *fill*         0x080015ff        0x1 

.ARM.extab      0x08001600        0x0
                0x08001600                        . = ALIGN (0x4)
 *(.ARM.extab* .gnu.linkonce.armextab.*)
                0x08001600                        . = ALIGN (0x4)

.ARM            0x08001600        0x8
                0x08001600                        . = ALIGN (0x4)
                0x08001600                        __exidx_start = .
 *(.ARM.exidx*)
 .ARM.exidx     0x08001600        0x8 C:/ST/STM32CubeIDE_2.0.0/STM32CubeIDE/plugins/com.st.stm32cube.ide.mcu.externaltools.gnu-tools-for-stm32.13.3.rel1.win32_1.0.100.202509120712/tools/bin/../lib/gcc/arm-none-eabi/13.3.1/../../../../arm-none-eabi/lib/thumb/v7e-m+dp/hard\libc_nano.a(libc_a-memchr.o)
                0x08001608                        __exidx_end = .
                0x08001608                        . = ALIGN (0x4)

.preinit_array  0x08001608        0x0
                0x08001608                        . = ALIGN (0x4)
                0x08001608                        PROVIDE (__preinit_array_start = .)
 *(.preinit_array*)
                0x08001608                        PROVIDE (__preinit_array_end = .)
                0x08001608                        . = ALIGN (0x4)

.init_array     0x08001608        0x4
                0x08001608                        . = ALIGN (0x4)
                0x08001608                        PROVIDE (__init_array_start = .)
 *(SORT_BY_NAME(.init_array.*))
 *(.init_array*)
 .init_array    0x08001608        0x4 C:/ST/STM32CubeIDE_2.0.0/STM32CubeIDE/plugins/com.st.stm32cube.ide.mcu.externaltools.gnu-tools-for-stm32.13.3.rel1.win32_1.0.100.202509120712/tools/bin/../lib/gcc/arm-none-eabi/13.3.1/thumb/v7e-m+dp/hard/crtbegin.o
                0x0800160c                        PROVIDE (__init_array_end = .)
                0x0800160c                        . = ALIGN (0x4)

.fini_array     0x0800160c        0x4
                0x0800160c                        . = ALIGN (0x4)
                [!provide]                        PROVIDE (__fini_array_start = .)
 *(SORT_BY_NAME(.fini_array.*))
 *(.fini_array*)
 .fini_array    0x0800160c        0x4 C:/ST/STM32CubeIDE_2.0.0/STM32CubeIDE/plugins/com.st.stm32cube.ide.mcu.externaltools.gnu-tools-for-stm32.13.3.rel1.win32_1.0.100.202509120712/tools/bin/../lib/gcc/arm-none-eabi/13.3.1/thumb/v7e-m+dp/hard/crtbegin.o
                [!provide]                        PROVIDE (__fini_array_end = .)
                0x08001610                        . = ALIGN (0x4)
                0x08001610                        _sidata = LOADADDR (.data)

.rel.dyn        0x08001610        0x0
 .rel.iplt      0x08001610        0x0 C:/ST/STM32CubeIDE_2.0.0/STM32CubeIDE/plugins/com.st.stm32cube.ide.mcu.externaltools.gnu-tools-for-stm32.13.3.rel1.win32_1.0.100.202509120712/tools/bin/../lib/gcc/arm-none-eabi/13.3.1/thumb/v7e-m+dp/hard/crtbegin.o

.data           0x20000000       0x50 load address 0x08001610
                0x20000000                        . = ALIGN (0x4)
                0x20000000                        _sdata = .
 *(.data)
 *(.data*)
 .data._impure_ptr
                0x20000000        0x4 C:/ST/STM32CubeIDE_2.0.0/STM32CubeIDE/plugins/com.st.stm32cube.ide.mcu.externaltools.gnu-tools-for-stm32.13.3.rel1.win32_1.0.100.202509120712/tools/bin/../lib/gcc/arm-none-eabi/13.3.1/../../../../arm-none-eabi/lib/thumb/v7e-m+dp/hard\libc_nano.a(libc_a-impure.o)
                0x20000000                _impure_ptr
 .data._impure_data
                0x20000004       0x4c C:/ST/STM32CubeIDE_2.0.0/STM32CubeIDE/plugins/com.st.stm32cube.ide.mcu.externaltools.gnu-tools-for-stm32.13.3.rel1.win32_1.0.100.202509120712/tools/bin/../lib/gcc/arm-none-eabi/13.3.1/../../../../arm-none-eabi/lib/thumb/v7e-m+dp/hard\libc_nano.a(libc_a-impure.o)
                0x20000004                _impure_data
 *(.RamFunc)
 *(.RamFunc*)
                0x20000050                        . = ALIGN (0x4)
                0x20000050                        _edata = .

.igot.plt       0x20000050        0x0 load address 0x08001660
 .igot.plt      0x20000050        0x0 C:/ST/STM32CubeIDE_2.0.0/STM32CubeIDE/plugins/com.st.stm32cube.ide.mcu.externaltools.gnu-tools-for-stm32.13.3.rel1.win32_1.0.100.202509120712/tools/bin/../lib/gcc/arm-none-eabi/13.3.1/thumb/v7e-m+dp/hard/crtbegin.o
                0x20000050                        . = ALIGN (0x4)

.bss            0x20000050      0x604 load address 0x08001660
                0x20000050                        _sbss = .
                0x20000050                        __bss_start__ = _sbss
 *(.bss)
 .bss           0x20000050       0x1c C:/ST/STM32CubeIDE_2.0.0/STM32CubeIDE/plugins/com.st.stm32cube.ide.mcu.externaltools.gnu-tools-for-stm32.13.3.rel1.win32_1.0.100.202509120712/tools/bin/../lib/gcc/arm-none-eabi/13.3.1/thumb/v7e-m+dp/hard/crtbegin.o
 *(.bss*)
 .bss.dma_adc_callback
                0x2000006c        0x4 ./Src/dma.o
 .bss.dma_dac_callback
                0x20000070        0x4 ./Src/dma.o
 .bss.adc_ping_buf
                0x20000074      0x200 ./Src/main.o
 .bss.adc_pong_buf
                0x20000274      0x200 ./Src/main.o
 .bss.adc_frame_ready
                0x20000474        0x1 ./Src/main.o
 *fill*         0x20000475        0x3 
 .bss.active_processing_buf
                0x20000478        0x4 ./Src/main.o
 .bss.__sbrk_heap_end
                0x2000047c        0x4 ./Src/sysmem.o
 .bss.g_ticks   0x20000480        0x4 ./Src/systick.o
                0x20000480                g_ticks
 .bss.tim2_trgo_count
                0x20000484        0x4 ./Src/tim.o
 .bss.rx_ring_buffer
                0x20000488       0x84 ./Src/usart.o
 .bss.__sf      0x2000050c      0x138 C:/ST/STM32CubeIDE_2.0.0/STM32CubeIDE/plugins/com.st.stm32cube.ide.mcu.externaltools.gnu-tools-for-stm32.13.3.rel1.win32_1.0.100.202509120712/tools/bin/../lib/gcc/arm-none-eabi/13.3.1/../../../../arm-none-eabi/lib/thumb/v7e-m+dp/hard\libc_nano.a(libc_a-findfp.o)
                0x2000050c                __sf
 .bss.errno     0x20000644        0x4 C:/ST/STM32CubeIDE_2.0.0/STM32CubeIDE/plugins/com.st.stm32cube.ide.mcu.externaltools.gnu-tools-for-stm32.13.3.rel1.win32_1.0.100.202509120712/tools/bin/../lib/gcc/arm-none-eabi/13.3.1/../../../../arm-none-eabi/lib/thumb/v7e-m+dp/hard\libc_nano.a(libc_a-reent.o)
                0x20000644                errno
 .bss.__lock___malloc_recursive_mutex
                0x20000648        0x1 C:/ST/STM32CubeIDE_2.0.0/STM32CubeIDE/plugins/com.st.stm32cube.ide.mcu.externaltools.gnu-tools-for-stm32.13.3.rel1.win32_1.0.100.202509120712/tools/bin/../lib/gcc/arm-none-eabi/13.3.1/../../../../arm-none-eabi/lib/thumb/v7e-m+dp/hard\libc_nano.a(libc_a-lock.o)
                0x20000648                __lock___malloc_recursive_mutex
 *fill*         0x20000649        0x3 
 .bss.__malloc_sbrk_start
                0x2000064c        0x4 C:/ST/STM32CubeIDE_2.0.0/STM32CubeIDE/plugins/com.st.stm32cube.ide.mcu.externaltools.gnu-tools-for-stm32.13.3.rel1.win32_1.0.100.202509120712/tools/bin/../lib/gcc/arm-none-eabi/13.3.1/../../../../arm-none-eabi/lib/thumb/v7e-m+dp/hard\libc_nano.a(libc_a-mallocr.o)
                0x2000064c                __malloc_sbrk_start
 .bss.__malloc_free_list
                0x20000650        0x4 C:/ST/STM32CubeIDE_2.0.0/STM32CubeIDE/plugins/com.st.stm32cube.ide.mcu.externaltools.gnu-tools-for-stm32.13.3.rel1.win32_1.0.100.202509120712/tools/bin/../lib/gcc/arm-none-eabi/13.3.1/../../../../arm-none-eabi/lib/thumb/v7e-m+dp/hard\libc_nano.a(libc_a-mallocr.o)
                0x20000650                __malloc_free_list
 *(COMMON)
                0x20000654                        . = ALIGN (0x4)
                0x20000654                        _ebss = .
                0x20000654                        __bss_end__ = _ebss

._user_heap_stack
                0x20000654      0x604 load address 0x08001660
                0x20000658                        . = ALIGN (0x8)
 *fill*         0x20000654        0x4 
                [!provide]                        PROVIDE (end = .)
                0x20000658                        PROVIDE (_end = .)
                0x20000858                        . = (. + _Min_Heap_Size)
 *fill*         0x20000658      0x200 
                0x20000c58                        . = (. + _Min_Stack_Size)
 *fill*         0x20000858      0x400 
                0x20000c58                        . = ALIGN (0x8)

/DISCARD/
 libc.a(*)
 libm.a(*)
 libgcc.a(*)

.ARM.attributes
                0x00000000       0x2e
 *(.ARM.attributes)
 .ARM.attributes
                0x00000000       0x20 C:/ST/STM32CubeIDE_2.0.0/STM32CubeIDE/plugins/com.st.stm32cube.ide.mcu.externaltools.gnu-tools-for-stm32.13.3.rel1.win32_1.0.100.202509120712/tools/bin/../lib/gcc/arm-none-eabi/13.3.1/thumb/v7e-m+dp/hard/crti.o
 .ARM.attributes
                0x00000020       0x32 C:/ST/STM32CubeIDE_2.0.0/STM32CubeIDE/plugins/com.st.stm32cube.ide.mcu.externaltools.gnu-tools-for-stm32.13.3.rel1.win32_1.0.100.202509120712/tools/bin/../lib/gcc/arm-none-eabi/13.3.1/thumb/v7e-m+dp/hard/crtbegin.o
 .ARM.attributes
                0x00000052       0x32 ./Src/adc_dac.o
 .ARM.attributes
                0x00000084       0x32 ./Src/audio_process.o
 .ARM.attributes
                0x000000b6       0x32 ./Src/dma.o
 .ARM.attributes
                0x000000e8       0x32 ./Src/fpu.o
 .ARM.attributes
                0x0000011a       0x32 ./Src/gpio.o
 .ARM.attributes
                0x0000014c       0x32 ./Src/main.o
 .ARM.attributes
                0x0000017e       0x32 ./Src/sysmem.o
 .ARM.attributes
                0x000001b0       0x32 ./Src/systick.o
 .ARM.attributes
                0x000001e2       0x32 ./Src/tim.o
 .ARM.attributes
                0x00000214       0x32 ./Src/usart.o
 .ARM.attributes
                0x00000246       0x21 ./Startup/startup_stm32f767zitx.o
 .ARM.attributes
                0x00000267       0x32 C:/ST/STM32CubeIDE_2.0.0/STM32CubeIDE/plugins/com.st.stm32cube.ide.mcu.externaltools.gnu-tools-for-stm32.13.3.rel1.win32_1.0.100.202509120712/tools/bin/../lib/gcc/arm-none-eabi/13.3.1/../../../../arm-none-eabi/lib/thumb/v7e-m+dp/hard\libc_nano.a(libc_a-findfp.o)
 .ARM.attributes
                0x00000299       0x32 C:/ST/STM32CubeIDE_2.0.0/STM32CubeIDE/plugins/com.st.stm32cube.ide.mcu.externaltools.gnu-tools-for-stm32.13.3.rel1.win32_1.0.100.202509120712/tools/bin/../lib/gcc/arm-none-eabi/13.3.1/../../../../arm-none-eabi/lib/thumb/v7e-m+dp/hard\libc_nano.a(libc_a-snprintf.o)
 .ARM.attributes
                0x000002cb       0x32 C:/ST/STM32CubeIDE_2.0.0/STM32CubeIDE/plugins/com.st.stm32cube.ide.mcu.externaltools.gnu-tools-for-stm32.13.3.rel1.win32_1.0.100.202509120712/tools/bin/../lib/gcc/arm-none-eabi/13.3.1/../../../../arm-none-eabi/lib/thumb/v7e-m+dp/hard\libc_nano.a(libc_a-reent.o)
 .ARM.attributes
                0x000002fd       0x32 C:/ST/STM32CubeIDE_2.0.0/STM32CubeIDE/plugins/com.st.stm32cube.ide.mcu.externaltools.gnu-tools-for-stm32.13.3.rel1.win32_1.0.100.202509120712/tools/bin/../lib/gcc/arm-none-eabi/13.3.1/../../../../arm-none-eabi/lib/thumb/v7e-m+dp/hard\libc_nano.a(libc_a-impure.o)
 .ARM.attributes
                0x0000032f       0x32 C:/ST/STM32CubeIDE_2.0.0/STM32CubeIDE/plugins/com.st.stm32cube.ide.mcu.externaltools.gnu-tools-for-stm32.13.3.rel1.win32_1.0.100.202509120712/tools/bin/../lib/gcc/arm-none-eabi/13.3.1/../../../../arm-none-eabi/lib/thumb/v7e-m+dp/hard\libc_nano.a(libc_a-errno.o)
 .ARM.attributes
                0x00000361       0x32 C:/ST/STM32CubeIDE_2.0.0/STM32CubeIDE/plugins/com.st.stm32cube.ide.mcu.externaltools.gnu-tools-for-stm32.13.3.rel1.win32_1.0.100.202509120712/tools/bin/../lib/gcc/arm-none-eabi/13.3.1/../../../../arm-none-eabi/lib/thumb/v7e-m+dp/hard\libc_nano.a(libc_a-init.o)
 .ARM.attributes
                0x00000393       0x32 C:/ST/STM32CubeIDE_2.0.0/STM32CubeIDE/plugins/com.st.stm32cube.ide.mcu.externaltools.gnu-tools-for-stm32.13.3.rel1.win32_1.0.100.202509120712/tools/bin/../lib/gcc/arm-none-eabi/13.3.1/../../../../arm-none-eabi/lib/thumb/v7e-m+dp/hard\libc_nano.a(libc_a-lock.o)
 .ARM.attributes
                0x000003c5       0x32 C:/ST/STM32CubeIDE_2.0.0/STM32CubeIDE/plugins/com.st.stm32cube.ide.mcu.externaltools.gnu-tools-for-stm32.13.3.rel1.win32_1.0.100.202509120712/tools/bin/../lib/gcc/arm-none-eabi/13.3.1/../../../../arm-none-eabi/lib/thumb/v7e-m+dp/hard\libc_nano.a(libc_a-freer.o)
 .ARM.attributes
                0x000003f7       0x32 C:/ST/STM32CubeIDE_2.0.0/STM32CubeIDE/plugins/com.st.stm32cube.ide.mcu.externaltools.gnu-tools-for-stm32.13.3.rel1.win32_1.0.100.202509120712/tools/bin/../lib/gcc/arm-none-eabi/13.3.1/../../../../arm-none-eabi/lib/thumb/v7e-m+dp/hard\libc_nano.a(libc_a-mallocr.o)
 .ARM.attributes
                0x00000429       0x32 C:/ST/STM32CubeIDE_2.0.0/STM32CubeIDE/plugins/com.st.stm32cube.ide.mcu.externaltools.gnu-tools-for-stm32.13.3.rel1.win32_1.0.100.202509120712/tools/bin/../lib/gcc/arm-none-eabi/13.3.1/../../../../arm-none-eabi/lib/thumb/v7e-m+dp/hard\libc_nano.a(libc_a-mlock.o)
 .ARM.attributes
                0x0000045b       0x32 C:/ST/STM32CubeIDE_2.0.0/STM32CubeIDE/plugins/com.st.stm32cube.ide.mcu.externaltools.gnu-tools-for-stm32.13.3.rel1.win32_1.0.100.202509120712/tools/bin/../lib/gcc/arm-none-eabi/13.3.1/../../../../arm-none-eabi/lib/thumb/v7e-m+dp/hard\libc_nano.a(libc_a-nano-svfprintf.o)
 .ARM.attributes
                0x0000048d       0x32 C:/ST/STM32CubeIDE_2.0.0/STM32CubeIDE/plugins/com.st.stm32cube.ide.mcu.externaltools.gnu-tools-for-stm32.13.3.rel1.win32_1.0.100.202509120712/tools/bin/../lib/gcc/arm-none-eabi/13.3.1/../../../../arm-none-eabi/lib/thumb/v7e-m+dp/hard\libc_nano.a(libc_a-nano-vfprintf_i.o)
 .ARM.attributes
                0x000004bf       0x32 C:/ST/STM32CubeIDE_2.0.0/STM32CubeIDE/plugins/com.st.stm32cube.ide.mcu.externaltools.gnu-tools-for-stm32.13.3.rel1.win32_1.0.100.202509120712/tools/bin/../lib/gcc/arm-none-eabi/13.3.1/../../../../arm-none-eabi/lib/thumb/v7e-m+dp/hard\libc_nano.a(libc_a-memmove.o)
 .ARM.attributes
                0x000004f1       0x32 C:/ST/STM32CubeIDE_2.0.0/STM32CubeIDE/plugins/com.st.stm32cube.ide.mcu.externaltools.gnu-tools-for-stm32.13.3.rel1.win32_1.0.100.202509120712/tools/bin/../lib/gcc/arm-none-eabi/13.3.1/../../../../arm-none-eabi/lib/thumb/v7e-m+dp/hard\libc_nano.a(libc_a-sbrkr.o)
 .ARM.attributes
                0x00000523       0x1c C:/ST/STM32CubeIDE_2.0.0/STM32CubeIDE/plugins/com.st.stm32cube.ide.mcu.externaltools.gnu-tools-for-stm32.13.3.rel1.win32_1.0.100.202509120712/tools/bin/../lib/gcc/arm-none-eabi/13.3.1/../../../../arm-none-eabi/lib/thumb/v7e-m+dp/hard\libc_nano.a(libc_a-memchr.o)
 .ARM.attributes
                0x0000053f       0x32 C:/ST/STM32CubeIDE_2.0.0/STM32CubeIDE/plugins/com.st.stm32cube.ide.mcu.externaltools.gnu-tools-for-stm32.13.3.rel1.win32_1.0.100.202509120712/tools/bin/../lib/gcc/arm-none-eabi/13.3.1/../../../../arm-none-eabi/lib/thumb/v7e-m+dp/hard\libc_nano.a(libc_a-memcpy-stub.o)
 .ARM.attributes
                0x00000571       0x32 C:/ST/STM32CubeIDE_2.0.0/STM32CubeIDE/plugins/com.st.stm32cube.ide.mcu.externaltools.gnu-tools-for-stm32.13.3.rel1.win32_1.0.100.202509120712/tools/bin/../lib/gcc/arm-none-eabi/13.3.1/../../../../arm-none-eabi/lib/thumb/v7e-m+dp/hard\libc_nano.a(libc_a-reallocr.o)
 .ARM.attributes
                0x000005a3       0x32 C:/ST/STM32CubeIDE_2.0.0/STM32CubeIDE/plugins/com.st.stm32cube.ide.mcu.externaltools.gnu-tools-for-stm32.13.3.rel1.win32_1.0.100.202509120712/tools/bin/../lib/gcc/arm-none-eabi/13.3.1/../../../../arm-none-eabi/lib/thumb/v7e-m+dp/hard\libc_nano.a(libc_a-msizer.o)
 .ARM.attributes
                0x000005d5       0x20 C:/ST/STM32CubeIDE_2.0.0/STM32CubeIDE/plugins/com.st.stm32cube.ide.mcu.externaltools.gnu-tools-for-stm32.13.3.rel1.win32_1.0.100.202509120712/tools/bin/../lib/gcc/arm-none-eabi/13.3.1/thumb/v7e-m+dp/hard/crtn.o
OUTPUT(BareMetal_Telemetry_Node.elf elf32-littlearm)
LOAD linker stubs
LOAD C:/ST/STM32CubeIDE_2.0.0/STM32CubeIDE/plugins/com.st.stm32cube.ide.mcu.externaltools.gnu-tools-for-stm32.13.3.rel1.win32_1.0.100.202509120712/tools/bin/../lib/gcc/arm-none-eabi/13.3.1/../../../../arm-none-eabi/lib/thumb/v7e-m+dp/hard\libc.a
LOAD C:/ST/STM32CubeIDE_2.0.0/STM32CubeIDE/plugins/com.st.stm32cube.ide.mcu.externaltools.gnu-tools-for-stm32.13.3.rel1.win32_1.0.100.202509120712/tools/bin/../lib/gcc/arm-none-eabi/13.3.1/../../../../arm-none-eabi/lib/thumb/v7e-m+dp/hard\libm.a
LOAD C:/ST/STM32CubeIDE_2.0.0/STM32CubeIDE/plugins/com.st.stm32cube.ide.mcu.externaltools.gnu-tools-for-stm32.13.3.rel1.win32_1.0.100.202509120712/tools/bin/../lib/gcc/arm-none-eabi/13.3.1/thumb/v7e-m+dp/hard\libgcc.a

.debug_info     0x00000000     0x2b6d
 .debug_info    0x00000000      0x5c8 ./Src/adc_dac.o
 .debug_info    0x000005c8      0x333 ./Src/audio_process.o
 .debug_info    0x000008fb      0x797 ./Src/dma.o
 .debug_info    0x00001092      0x103 ./Src/fpu.o
 .debug_info    0x00001195      0x42a ./Src/gpio.o
 .debug_info    0x000015bf      0x609 ./Src/main.o
 .debug_info    0x00001bc8      0x168 ./Src/sysmem.o
 .debug_info    0x00001d30      0x149 ./Src/systick.o
 .debug_info    0x00001e79      0x527 ./Src/tim.o
 .debug_info    0x000023a0      0x79d ./Src/usart.o
 .debug_info    0x00002b3d       0x30 ./Startup/startup_stm32f767zitx.o

.debug_abbrev   0x00000000      0xcb4
 .debug_abbrev  0x00000000      0x15b ./Src/adc_dac.o
 .debug_abbrev  0x0000015b      0x133 ./Src/audio_process.o
 .debug_abbrev  0x0000028e      0x173 ./Src/dma.o
 .debug_abbrev  0x00000401       0xa1 ./Src/fpu.o
 .debug_abbrev  0x000004a2      0x125 ./Src/gpio.o
 .debug_abbrev  0x000005c7      0x1ca ./Src/main.o
 .debug_abbrev  0x00000791       0xbc ./Src/sysmem.o
 .debug_abbrev  0x0000084d       0xf9 ./Src/systick.o
 .debug_abbrev  0x00000946      0x162 ./Src/tim.o
 .debug_abbrev  0x00000aa8      0x1e8 ./Src/usart.o
 .debug_abbrev  0x00000c90       0x24 ./Startup/startup_stm32f767zitx.o

.debug_aranges  0x00000000      0x248
 .debug_aranges
                0x00000000       0x30 ./Src/adc_dac.o
 .debug_aranges
                0x00000030       0x38 ./Src/audio_process.o
 .debug_aranges
                0x00000068       0x38 ./Src/dma.o
 .debug_aranges
                0x000000a0       0x20 ./Src/fpu.o
 .debug_aranges
                0x000000c0       0x48 ./Src/gpio.o
 .debug_aranges
                0x00000108       0x30 ./Src/main.o
 .debug_aranges
                0x00000138       0x20 ./Src/sysmem.o
 .debug_aranges
                0x00000158       0x38 ./Src/systick.o
 .debug_aranges
                0x00000190       0x30 ./Src/tim.o
 .debug_aranges
                0x000001c0       0x60 ./Src/usart.o
 .debug_aranges
                0x00000220       0x28 ./Startup/startup_stm32f767zitx.o

.debug_rnglists
                0x00000000      0x18b
 .debug_rnglists
                0x00000000       0x21 ./Src/adc_dac.o
 .debug_rnglists
                0x00000021       0x27 ./Src/audio_process.o
 .debug_rnglists
                0x00000048       0x27 ./Src/dma.o
 .debug_rnglists
                0x0000006f       0x13 ./Src/fpu.o
 .debug_rnglists
                0x00000082       0x32 ./Src/gpio.o
 .debug_rnglists
                0x000000b4       0x21 ./Src/main.o
 .debug_rnglists
                0x000000d5       0x13 ./Src/sysmem.o
 .debug_rnglists
                0x000000e8       0x25 ./Src/systick.o
 .debug_rnglists
                0x0000010d       0x21 ./Src/tim.o
 .debug_rnglists
                0x0000012e       0x44 ./Src/usart.o
 .debug_rnglists
                0x00000172       0x19 ./Startup/startup_stm32f767zitx.o

.debug_macro    0x00000000     0x2b9d
 .debug_macro   0x00000000       0x89 ./Src/adc_dac.o
 .debug_macro   0x00000089      0xaf6 ./Src/adc_dac.o
 .debug_macro   0x00000b7f       0x22 ./Src/adc_dac.o
 .debug_macro   0x00000ba1       0x8e ./Src/adc_dac.o
 .debug_macro   0x00000c2f       0x51 ./Src/adc_dac.o
 .debug_macro   0x00000c80      0x103 ./Src/adc_dac.o
 .debug_macro   0x00000d83       0x6a ./Src/adc_dac.o
 .debug_macro   0x00000ded      0x1df ./Src/adc_dac.o
 .debug_macro   0x00000fcc      0x10e ./Src/adc_dac.o
 .debug_macro   0x000010da       0xe2 ./Src/adc_dac.o
 .debug_macro   0x000011bc      0x13d ./Src/audio_process.o
 .debug_macro   0x000012f9       0x5b ./Src/audio_process.o
 .debug_macro   0x00001354       0x29 ./Src/audio_process.o
 .debug_macro   0x0000137d       0x94 ./Src/audio_process.o
 .debug_macro   0x00001411       0x43 ./Src/audio_process.o
 .debug_macro   0x00001454       0x34 ./Src/audio_process.o
 .debug_macro   0x00001488      0x190 ./Src/audio_process.o
 .debug_macro   0x00001618       0x57 ./Src/audio_process.o
 .debug_macro   0x0000166f      0x370 ./Src/audio_process.o
 .debug_macro   0x000019df       0x16 ./Src/audio_process.o
 .debug_macro   0x000019f5       0x4a ./Src/audio_process.o
 .debug_macro   0x00001a3f       0x34 ./Src/audio_process.o
 .debug_macro   0x00001a73       0x10 ./Src/audio_process.o
 .debug_macro   0x00001a83       0x58 ./Src/audio_process.o
 .debug_macro   0x00001adb       0x8e ./Src/audio_process.o
 .debug_macro   0x00001b69       0x1c ./Src/audio_process.o
 .debug_macro   0x00001b85      0x185 ./Src/audio_process.o
 .debug_macro   0x00001d0a      0x19b ./Src/audio_process.o
 .debug_macro   0x00001ea5      0x114 ./Src/audio_process.o
 .debug_macro   0x00001fb9       0x85 ./Src/dma.o
 .debug_macro   0x0000203e       0x7c ./Src/fpu.o
 .debug_macro   0x000020ba       0x81 ./Src/gpio.o
 .debug_macro   0x0000213b       0xdc ./Src/gpio.o
 .debug_macro   0x00002217      0x208 ./Src/main.o
 .debug_macro   0x0000241f       0x61 ./Src/main.o
 .debug_macro   0x00002480       0x10 ./Src/main.o
 .debug_macro   0x00002490       0x3c ./Src/main.o
 .debug_macro   0x000024cc       0x20 ./Src/main.o
 .debug_macro   0x000024ec       0x1c ./Src/main.o
 .debug_macro   0x00002508       0x10 ./Src/main.o
 .debug_macro   0x00002518       0x1c ./Src/main.o
 .debug_macro   0x00002534       0x16 ./Src/main.o
 .debug_macro   0x0000254a      0x146 ./Src/main.o
 .debug_macro   0x00002690       0x10 ./Src/main.o
 .debug_macro   0x000026a0      0x112 ./Src/sysmem.o
 .debug_macro   0x000027b2      0x23c ./Src/sysmem.o
 .debug_macro   0x000029ee       0x82 ./Src/systick.o
 .debug_macro   0x00002a70       0xa2 ./Src/tim.o
 .debug_macro   0x00002b12       0x8b ./Src/usart.o

.debug_line     0x00000000     0x3844
 .debug_line    0x00000000      0x523 ./Src/adc_dac.o
 .debug_line    0x00000523      0x6a7 ./Src/audio_process.o
 .debug_line    0x00000bca      0x5d1 ./Src/dma.o
 .debug_line    0x0000119b      0x429 ./Src/fpu.o
 .debug_line    0x000015c4      0x5cf ./Src/gpio.o
 .debug_line    0x00001b93      0x70d ./Src/main.o
 .debug_line    0x000022a0      0x588 ./Src/sysmem.o
 .debug_line    0x00002828      0x493 ./Src/systick.o
 .debug_line    0x00002cbb      0x4f9 ./Src/tim.o
 .debug_line    0x000031b4      0x615 ./Src/usart.o
 .debug_line    0x000037c9       0x7b ./Startup/startup_stm32f767zitx.o

.debug_str      0x00000000     0x92f1
 .debug_str     0x00000000     0x92f1 ./Src/adc_dac.o
                               0x45e4 (size before relaxing)
 .debug_str     0x000092f1        0x0 ./Src/audio_process.o
                               0x81b8 (size before relaxing)
 .debug_str     0x000092f1        0x0 ./Src/dma.o
                               0x48a7 (size before relaxing)
 .debug_str     0x000092f1        0x0 ./Src/fpu.o
                               0x426d (size before relaxing)
 .debug_str     0x000092f1        0x0 ./Src/gpio.o
                               0x4514 (size before relaxing)
 .debug_str     0x000092f1        0x0 ./Src/main.o
                               0x8a6e (size before relaxing)
 .debug_str     0x000092f1        0x0 ./Src/sysmem.o
                               0x77c5 (size before relaxing)
 .debug_str     0x000092f1        0x0 ./Src/systick.o
                               0x42a3 (size before relaxing)
 .debug_str     0x000092f1        0x0 ./Src/tim.o
                               0x4907 (size before relaxing)
 .debug_str     0x000092f1        0x0 ./Src/usart.o
                               0x465d (size before relaxing)
 .debug_str     0x000092f1        0x0 ./Startup/startup_stm32f767zitx.o
                                 0x7b (size before relaxing)

.comment        0x00000000       0x43
 .comment       0x00000000       0x43 ./Src/adc_dac.o
                                 0x44 (size before relaxing)
 .comment       0x00000043        0x0 ./Src/audio_process.o
                                 0x44 (size before relaxing)
 .comment       0x00000043        0x0 ./Src/dma.o
                                 0x44 (size before relaxing)
 .comment       0x00000043        0x0 ./Src/fpu.o
                                 0x44 (size before relaxing)
 .comment       0x00000043        0x0 ./Src/gpio.o
                                 0x44 (size before relaxing)
 .comment       0x00000043        0x0 ./Src/main.o
                                 0x44 (size before relaxing)
 .comment       0x00000043        0x0 ./Src/sysmem.o
                                 0x44 (size before relaxing)
 .comment       0x00000043        0x0 ./Src/systick.o
                                 0x44 (size before relaxing)
 .comment       0x00000043        0x0 ./Src/tim.o
                                 0x44 (size before relaxing)
 .comment       0x00000043        0x0 ./Src/usart.o
                                 0x44 (size before relaxing)

.debug_frame    0x00000000      0xb80
 .debug_frame   0x00000000       0x78 ./Src/adc_dac.o
 .debug_frame   0x00000078       0xa4 ./Src/audio_process.o
 .debug_frame   0x0000011c       0xa8 ./Src/dma.o
 .debug_frame   0x000001c4       0x30 ./Src/fpu.o
 .debug_frame   0x000001f4       0xfc ./Src/gpio.o
 .debug_frame   0x000002f0       0x78 ./Src/main.o
 .debug_frame   0x00000368       0x34 ./Src/sysmem.o
 .debug_frame   0x0000039c       0x98 ./Src/systick.o
 .debug_frame   0x00000434       0x7c ./Src/tim.o
 .debug_frame   0x000004b0      0x15c ./Src/usart.o
 .debug_frame   0x0000060c      0x144 C:/ST/STM32CubeIDE_2.0.0/STM32CubeIDE/plugins/com.st.stm32cube.ide.mcu.externaltools.gnu-tools-for-stm32.13.3.rel1.win32_1.0.100.202509120712/tools/bin/../lib/gcc/arm-none-eabi/13.3.1/../../../../arm-none-eabi/lib/thumb/v7e-m+dp/hard\libc_nano.a(libc_a-findfp.o)
 .debug_frame   0x00000750       0x7c C:/ST/STM32CubeIDE_2.0.0/STM32CubeIDE/plugins/com.st.stm32cube.ide.mcu.externaltools.gnu-tools-for-stm32.13.3.rel1.win32_1.0.100.202509120712/tools/bin/../lib/gcc/arm-none-eabi/13.3.1/../../../../arm-none-eabi/lib/thumb/v7e-m+dp/hard\libc_nano.a(libc_a-snprintf.o)
 .debug_frame   0x000007cc       0x38 C:/ST/STM32CubeIDE_2.0.0/STM32CubeIDE/plugins/com.st.stm32cube.ide.mcu.externaltools.gnu-tools-for-stm32.13.3.rel1.win32_1.0.100.202509120712/tools/bin/../lib/gcc/arm-none-eabi/13.3.1/../../../../arm-none-eabi/lib/thumb/v7e-m+dp/hard\libc_nano.a(libc_a-reent.o)
 .debug_frame   0x00000804       0x20 C:/ST/STM32CubeIDE_2.0.0/STM32CubeIDE/plugins/com.st.stm32cube.ide.mcu.externaltools.gnu-tools-for-stm32.13.3.rel1.win32_1.0.100.202509120712/tools/bin/../lib/gcc/arm-none-eabi/13.3.1/../../../../arm-none-eabi/lib/thumb/v7e-m+dp/hard\libc_nano.a(libc_a-errno.o)
 .debug_frame   0x00000824       0x2c C:/ST/STM32CubeIDE_2.0.0/STM32CubeIDE/plugins/com.st.stm32cube.ide.mcu.externaltools.gnu-tools-for-stm32.13.3.rel1.win32_1.0.100.202509120712/tools/bin/../lib/gcc/arm-none-eabi/13.3.1/../../../../arm-none-eabi/lib/thumb/v7e-m+dp/hard\libc_nano.a(libc_a-init.o)
 .debug_frame   0x00000850       0xb0 C:/ST/STM32CubeIDE_2.0.0/STM32CubeIDE/plugins/com.st.stm32cube.ide.mcu.externaltools.gnu-tools-for-stm32.13.3.rel1.win32_1.0.100.202509120712/tools/bin/../lib/gcc/arm-none-eabi/13.3.1/../../../../arm-none-eabi/lib/thumb/v7e-m+dp/hard\libc_nano.a(libc_a-lock.o)
 .debug_frame   0x00000900       0x38 C:/ST/STM32CubeIDE_2.0.0/STM32CubeIDE/plugins/com.st.stm32cube.ide.mcu.externaltools.gnu-tools-for-stm32.13.3.rel1.win32_1.0.100.202509120712/tools/bin/../lib/gcc/arm-none-eabi/13.3.1/../../../../arm-none-eabi/lib/thumb/v7e-m+dp/hard\libc_nano.a(libc_a-freer.o)
 .debug_frame   0x00000938       0x50 C:/ST/STM32CubeIDE_2.0.0/STM32CubeIDE/plugins/com.st.stm32cube.ide.mcu.externaltools.gnu-tools-for-stm32.13.3.rel1.win32_1.0.100.202509120712/tools/bin/../lib/gcc/arm-none-eabi/13.3.1/../../../../arm-none-eabi/lib/thumb/v7e-m+dp/hard\libc_nano.a(libc_a-mallocr.o)
 .debug_frame   0x00000988       0x30 C:/ST/STM32CubeIDE_2.0.0/STM32CubeIDE/plugins/com.st.stm32cube.ide.mcu.externaltools.gnu-tools-for-stm32.13.3.rel1.win32_1.0.100.202509120712/tools/bin/../lib/gcc/arm-none-eabi/13.3.1/../../../../arm-none-eabi/lib/thumb/v7e-m+dp/hard\libc_nano.a(libc_a-mlock.o)
 .debug_frame   0x000009b8       0x90 C:/ST/STM32CubeIDE_2.0.0/STM32CubeIDE/plugins/com.st.stm32cube.ide.mcu.externaltools.gnu-tools-for-stm32.13.3.rel1.win32_1.0.100.202509120712/tools/bin/../lib/gcc/arm-none-eabi/13.3.1/../../../../arm-none-eabi/lib/thumb/v7e-m+dp/hard\libc_nano.a(libc_a-nano-svfprintf.o)
 .debug_frame   0x00000a48       0x60 C:/ST/STM32CubeIDE_2.0.0/STM32CubeIDE/plugins/com.st.stm32cube.ide.mcu.externaltools.gnu-tools-for-stm32.13.3.rel1.win32_1.0.100.202509120712/tools/bin/../lib/gcc/arm-none-eabi/13.3.1/../../../../arm-none-eabi/lib/thumb/v7e-m+dp/hard\libc_nano.a(libc_a-nano-vfprintf_i.o)
 .debug_frame   0x00000aa8       0x28 C:/ST/STM32CubeIDE_2.0.0/STM32CubeIDE/plugins/com.st.stm32cube.ide.mcu.externaltools.gnu-tools-for-stm32.13.3.rel1.win32_1.0.100.202509120712/tools/bin/../lib/gcc/arm-none-eabi/13.3.1/../../../../arm-none-eabi/lib/thumb/v7e-m+dp/hard\libc_nano.a(libc_a-memmove.o)
 .debug_frame   0x00000ad0       0x2c C:/ST/STM32CubeIDE_2.0.0/STM32CubeIDE/plugins/com.st.stm32cube.ide.mcu.externaltools.gnu-tools-for-stm32.13.3.rel1.win32_1.0.100.202509120712/tools/bin/../lib/gcc/arm-none-eabi/13.3.1/../../../../arm-none-eabi/lib/thumb/v7e-m+dp/hard\libc_nano.a(libc_a-sbrkr.o)
 .debug_frame   0x00000afc       0x28 C:/ST/STM32CubeIDE_2.0.0/STM32CubeIDE/plugins/com.st.stm32cube.ide.mcu.externaltools.gnu-tools-for-stm32.13.3.rel1.win32_1.0.100.202509120712/tools/bin/../lib/gcc/arm-none-eabi/13.3.1/../../../../arm-none-eabi/lib/thumb/v7e-m+dp/hard\libc_nano.a(libc_a-memcpy-stub.o)
 .debug_frame   0x00000b24       0x3c C:/ST/STM32CubeIDE_2.0.0/STM32CubeIDE/plugins/com.st.stm32cube.ide.mcu.externaltools.gnu-tools-for-stm32.13.3.rel1.win32_1.0.100.202509120712/tools/bin/../lib/gcc/arm-none-eabi/13.3.1/../../../../arm-none-eabi/lib/thumb/v7e-m+dp/hard\libc_nano.a(libc_a-reallocr.o)
 .debug_frame   0x00000b60       0x20 C:/ST/STM32CubeIDE_2.0.0/STM32CubeIDE/plugins/com.st.stm32cube.ide.mcu.externaltools.gnu-tools-for-stm32.13.3.rel1.win32_1.0.100.202509120712/tools/bin/../lib/gcc/arm-none-eabi/13.3.1/../../../../arm-none-eabi/lib/thumb/v7e-m+dp/hard\libc_nano.a(libc_a-msizer.o)

.debug_line_str
                0x00000000       0x5f
 .debug_line_str
                0x00000000       0x5f ./Startup/startup_stm32f767zitx.o
