Archive member included to satisfy reference by file (symbol)

C:/ST/STM32CubeIDE_2.0.0/STM32CubeIDE/plugins/com.st.stm32cube.ide.mcu.externaltools.gnu-tools-for-stm32.13.3.rel1.win32_1.0.100.202509120712/tools/bin/../lib/gcc/arm-none-eabi/13.3.1/../../../../arm-none-eabi/lib/thumb/v7e-m+dp/hard\libc_nano.a(libc_a-exit.o)
                              C:/ST/STM32CubeIDE_2.0.0/STM32CubeIDE/plugins/com.st.stm32cube.ide.mcu.externaltools.gnu-tools-for-stm32.13.3.rel1.win32_1.0.100.202509120712/tools/bin/../lib/gcc/arm-none-eabi/13.3.1/../../../../arm-none-eabi/lib/thumb/v7e-m+dp/hard/crt0.o (exit)
C:/ST/STM32CubeIDE_2.0.0/STM32CubeIDE/plugins/com.st.stm32cube.ide.mcu.externaltools.gnu-tools-for-stm32.13.3.rel1.win32_1.0.100.202509120712/tools/bin/../lib/gcc/arm-none-eabi/13.3.1/../../../../arm-none-eabi/lib/thumb/v7e-m+dp/hard\libc_nano.a(libc_a-findfp.o)
                              C:/ST/STM32CubeIDE_2.0.0/STM32CubeIDE/plugins/com.st.stm32cube.ide.mcu.externaltools.gnu-tools-for-stm32.13.3.rel1.win32_1.0.100.202509120712/tools/bin/../lib/gcc/arm-none-eabi/13.3.1/../../../../arm-none-eabi/lib/thumb/v7e-m+dp/hard\libc_nano.a(libc_a-exit.o) (__stdio_exit_handler)
C:/ST/STM32CubeIDE_2.0.0/STM32CubeIDE/plugins/com.st.stm32cube.ide.mcu.externaltools.gnu-tools-for-stm32.13.3.rel1.win32_1.0.100.202509120712/tools/bin/../lib/gcc/arm-none-eabi/13.3.1/../../../../arm-none-eabi/lib/thumb/v7e-m+dp/hard\libc_nano.a(libc_a-fwalk.o)
                              C:/ST/STM32CubeIDE_2.0.0/STM32CubeIDE/plugins/com.st.stm32cube.ide.mcu.externaltools.gnu-tools-for-stm32.13.3.rel1.win32_1.0.100.202509120712/tools/bin/../lib/gcc/arm-none-eabi/13.3.1/../../../../arm-none-eabi/lib/thumb/v7e-m+dp/hard\libc_nano.a(libc_a-findfp.o) (_fwalk_sglue)
C:/ST/STM32CubeIDE_2.0.0/STM32CubeIDE/plugins/com.st.stm32cube.ide.mcu.externaltools.gnu-tools-for-stm32.13.3.rel1.win32_1.0.100.202509120712/tools/bin/../lib/gcc/arm-none-eabi/13.3.1/../../../../arm-none-eabi/lib/thumb/v7e-m+dp/hard\libc_nano.a(libc_a-stdio.o)
                              C:/ST/STM32CubeIDE_2.0.0/STM32CubeIDE/plugins/com.st.stm32cube.ide.mcu.externaltools.gnu-tools-for-stm32.13.3.rel1.win32_1.0.100.202509120712/tools/bin/../lib/gcc/arm-none-eabi/13.3.1/../../../../arm-none-eabi/lib/thumb/v7e-m+dp/hard\libc_nano.a(libc_a-findfp.o) (__sread)
C:/ST/STM32CubeIDE_2.0.0/STM32CubeIDE/plugins/com.st.stm32cube.ide.mcu.externaltools.gnu-tools-for-stm32.13.3.rel1.win32_1.0.100.202509120712/tools/bin/../lib/gcc/arm-none-eabi/13.3.1/../../../../arm-none-eabi/lib/thumb/v7e-m+dp/hard\libc_nano.a(libc_a-memset.o)
                              C:/ST/STM32CubeIDE_2.0.0/STM32CubeIDE/plugins/com.st.stm32cube.ide.mcu.externaltools.gnu-tools-for-stm32.13.3.rel1.win32_1.0.100.202509120712/tools/bin/../lib/gcc/arm-none-eabi/13.3.1/../../../../arm-none-eabi/lib/thumb/v7e-m+dp/hard/crt0.o (memset)
C:/ST/STM32CubeIDE_2.0.0/STM32CubeIDE/plugins/com.st.stm32cube.ide.mcu.externaltools.gnu-tools-for-stm32.13.3.rel1.win32_1.0.100.202509120712/tools/bin/../lib/gcc/arm-none-eabi/13.3.1/../../../../arm-none-eabi/lib/thumb/v7e-m+dp/hard\libc_nano.a(libc_a-strncmp.o)
                              ./Src/main.o (strncmp)
C:/ST/STM32CubeIDE_2.0.0/STM32CubeIDE/plugins/com.st.stm32cube.ide.mcu.externaltools.gnu-tools-for-stm32.13.3.rel1.win32_1.0.100.202509120712/tools/bin/../lib/gcc/arm-none-eabi/13.3.1/../../../../arm-none-eabi/lib/thumb/v7e-m+dp/hard\libc_nano.a(libc_a-closer.o)
                              C:/ST/STM32CubeIDE_2.0.0/STM32CubeIDE/plugins/com.st.stm32cube.ide.mcu.externaltools.gnu-tools-for-stm32.13.3.rel1.win32_1.0.100.202509120712/tools/bin/../lib/gcc/arm-none-eabi/13.3.1/../../../../arm-none-eabi/lib/thumb/v7e-m+dp/hard\libc_nano.a(libc_a-stdio.o) (_close_r)
C:/ST/STM32CubeIDE_2.0.0/STM32CubeIDE/plugins/com.st.stm32cube.ide.mcu.externaltools.gnu-tools-for-stm32.13.3.rel1.win32_1.0.100.202509120712/tools/bin/../lib/gcc/arm-none-eabi/13.3.1/../../../../arm-none-eabi/lib/thumb/v7e-m+dp/hard\libc_nano.a(libc_a-reent.o)
                              C:/ST/STM32CubeIDE_2.0.0/STM32CubeIDE/plugins/com.st.stm32cube.ide.mcu.externaltools.gnu-tools-for-stm32.13.3.rel1.win32_1.0.100.202509120712/tools/bin/../lib/gcc/arm-none-eabi/13.3.1/../../../../arm-none-eabi/lib/thumb/v7e-m+dp/hard\libc_nano.a(libc_a-closer.o) (errno)
C:/ST/STM32CubeIDE_2.0.0/STM32CubeIDE/plugins/com.st.stm32cube.ide.mcu.externaltools.gnu-tools-for-stm32.13.3.rel1.win32_1.0.100.202509120712/tools/bin/../lib/gcc/arm-none-eabi/13.3.1/../../../../arm-none-eabi/lib/thumb/v7e-m+dp/hard\libc_nano.a(libc_a-impure.o)
                              C:/ST/STM32CubeIDE_2.0.0/STM32CubeIDE/plugins/com.st.stm32cube.ide.mcu.externaltools.gnu-tools-for-stm32.13.3.rel1.win32_1.0.100.202509120712/tools/bin/../lib/gcc/arm-none-eabi/13.3.1/../../../../arm-none-eabi/lib/thumb/v7e-m+dp/hard\libc_nano.a(libc_a-reent.o) (_impure_ptr)
[...]
Memory Configuration

Name             Origin             Length             Attributes
RAM              0x20000000         0x00080000         xrw
FLASH            0x08000000         0x00200000         xr
*default*        0x00000000         0xffffffff

Linker script and memory map

LOAD C:/ST/STM32CubeIDE_2.0.0/STM32CubeIDE/plugins/com.st.stm32cube.ide.mcu.externaltools.gnu-tools-for-stm32.13.3.rel1.win32_1.0.100.202509120712/tools/bin/../lib/gcc/arm-none-eabi/13.3.1/thumb/v7e-m+dp/hard/crti.o
LOAD C:/ST/STM32CubeIDE_2.0.0/STM32CubeIDE/plugins/com.st.stm32cube.ide.mcu.externaltools.gnu-tools-for-stm32.13.3.rel1.win32_1.0.100.202509120712/tools/bin/../lib/gcc/arm-none-eabi/13.3.1/thumb/v7e-m+dp/hard/crtbegin.o
LOAD C:/ST/STM32CubeIDE_2.0.0/STM32CubeIDE/plugins/com.st.stm32cube.ide.mcu.externaltools.gnu-tools-for-stm32.13.3.rel1.win32_1.0.100.202509120712/tools/bin/../lib/gcc/arm-none-eabi/13.3.1/../../../../arm-none-eabi/lib/thumb/v7e-m+dp/hard/crt0.o
LOAD ./Src/adc_dac.o
LOAD ./Src/audio_process.o
LOAD ./Src/dma.o
LOAD ./Src/fpu.o
LOAD ./Src/gpio.o
LOAD ./Src/main.o
LOAD ./Src/syscalls.o
LOAD ./Src/sysmem.o
LOAD ./Src/systick.o
LOAD ./Src/tim.o
LOAD ./Src/tremolo.o
LOAD ./Src/usart.o
LOAD ./Startup/startup_stm32f767zitx.o
START GROUP
LOAD C:/ST/STM32CubeIDE_2.0.0/STM32CubeIDE/plugins/com.st.stm32cube.ide.mcu.externaltools.gnu-tools-for-stm32.13.3.rel1.win32_1.0.100.202509120712/tools/bin/../lib/gcc/arm-none-eabi/13.3.1/../../../../arm-none-eabi/lib/thumb/v7e-m+dp/hard\libc_nano.a
LOAD C:/ST/STM32CubeIDE_2.0.0/STM32CubeIDE/plugins/com.st.stm32cube.ide.mcu.externaltools.gnu-tools-for-stm32.13.3.rel1.win32_1.0.100.202509120712/tools/bin/../lib/gcc/arm-none-eabi/13.3.1/../../../../arm-none-eabi/lib/thumb/v7e-m+dp/hard\libm.a
END GROUP
START GROUP
LOAD C:/ST/STM32CubeIDE_2.0.0/STM32CubeIDE/plugins/com.st.stm32cube.ide.mcu.externaltools.gnu-tools-for-stm32.13.3.rel1.win32_1.0.100.202509120712/tools/bin/../lib/gcc/arm-none-eabi/13.3.1/thumb/v7e-m+dp/hard\libgcc.a
LOAD C:/ST/STM32CubeIDE_2.0.0/STM32CubeIDE/plugins/com.st.stm32cube.ide.mcu.externaltools.gnu-tools-for-stm32.13.3.rel1.win32_1.0.100.202509120712/tools/bin/../lib/gcc/arm-none-eabi/13.3.1/../../../../arm-none-eabi/lib/thumb/v7e-m+dp/hard\libc_nano.a
END GROUP
START GROUP
LOAD C:/ST/STM32CubeIDE_2.0.0/STM32CubeIDE/plugins/com.st.stm32cube.ide.mcu.externaltools.gnu-tools-for-stm32.13.3.rel1.win32_1.0.100.202509120712/tools/bin/../lib/gcc/arm-none-eabi/13.3.1/thumb/v7e-m+dp/hard\libgcc.a
LOAD C:/ST/STM32CubeIDE_2.0.0/STM32CubeIDE/plugins/com.st.stm32cube.ide.mcu.externaltools.gnu-tools-for-stm32.13.3.rel1.win32_1.0.100.202509120712/tools/bin/../lib/gcc/arm-none-eabi/13.3.1/../../../../arm-none-eabi/lib/thumb/v7e-m+dp/hard\libc_nano.a
LOAD C:/ST/STM32CubeIDE_2.0.0/STM32CubeIDE/plugins/com.st.stm32cube.ide.mcu.externaltools.gnu-tools-for-stm32.13.3.rel1.win32_1.0.100.202509120712/tools/bin/../lib/gcc/arm-none-eabi/13.3.1/../../../../arm-none-eabi/lib/thumb/v7e-m+dp/hard\libnosys.a
END GROUP
START GROUP
LOAD C:/ST/STM32CubeIDE_2.0.0/STM32CubeIDE/plugins/com.st.stm32cube.ide.mcu.externaltools.gnu-tools-for-stm32.13.3.rel1.win32_1.0.100.202509120712/tools/bin/../lib/gcc/arm-none-eabi/13.3.1/thumb/v7e-m+dp/hard\libgcc.a
LOAD C:/ST/STM32CubeIDE_2.0.0/STM32CubeIDE/plugins/com.st.stm32cube.ide.mcu.externaltools.gnu-tools-for-stm32.13.3.rel1.win32_1.0.100.202509120712/tools/bin/../lib/gcc/arm-none-eabi/13.3.1/../../../../arm-none-eabi/lib/thumb/v7e-m+dp/hard\libc_nano.a
LOAD C:/ST/STM32CubeIDE_2.0.0/STM32CubeIDE/plugins/com.st.stm32cube.ide.mcu.externaltools.gnu-tools-for-stm32.13.3.rel1.win32_1.0.100.202509120712/tools/bin/../lib/gcc/arm-none-eabi/13.3.1/../../../../arm-none-eabi/lib/thumb/v7e-m+dp/hard\libnosys.a
END GROUP
LOAD C:/ST/STM32CubeIDE_2.0.0/STM32CubeIDE/plugins/com.st.stm32cube.ide.mcu.externaltools.gnu-tools-for-stm32.13.3.rel1.win32_1.0.100.202509120712/tools/bin/../lib/gcc/arm-none-eabi/13.3.1/thumb/v7e-m+dp/hard/crtend.o
LOAD C:/ST/STM32CubeIDE_2.0.0/STM32CubeIDE/plugins/com.st.stm32cube.ide.mcu.externaltools.gnu-tools-for-stm32.13.3.rel1.win32_1.0.100.202509120712/tools/bin/../lib/gcc/arm-none-eabi/13.3.1/thumb/v7e-m+dp/hard/crtn.o
                0x20080000                        _estack = (ORIGIN (RAM) + LENGTH (RAM))
                0x00000200                        _Min_Heap_Size = 0x200
                0x00000400                        _Min_Stack_Size = 0x400

.isr_vector     0x08000000      0x1f8
                0x08000000                        . = ALIGN (0x4)
 *(.isr_vector)
 .isr_vector    0x08000000      0x1f8 ./Startup/startup_stm32f767zitx.o
                0x08000000                g_pfnVectors
                0x080001f8                        . = ALIGN (0x4)

.text           0x080001f8     0x106c
                0x080001f8                        . = ALIGN (0x4)
 *(.text)
 .text          0x080001f8       0x40 C:/ST/STM32CubeIDE_2.0.0/STM32CubeIDE/plugins/com.st.stm32cube.ide.mcu.externaltools.gnu-tools-for-stm32.13.3.rel1.win32_1.0.100.202509120712/tools/bin/../lib/gcc/arm-none-eabi/13.3.1/thumb/v7e-m+dp/hard/crtbegin.o
 .text          0x08000238      0x378 C:/ST/STM32CubeIDE_2.0.0/STM32CubeIDE/plugins/com.st.stm32cube.ide.mcu.externaltools.gnu-tools-for-stm32.13.3.rel1.win32_1.0.100.202509120712/tools/bin/../lib/gcc/arm-none-eabi/13.3.1/thumb/v7e-m+dp/hard\libgcc.a(_arm_addsubdf3.o)
                0x08000238                __aeabi_drsub
                0x08000240                __aeabi_dsub
                0x08000240                __subdf3
                0x08000244                __aeabi_dadd
                0x08000244                __adddf3
                0x080004bc                __floatunsidf
                0x080004bc                __aeabi_ui2d
                0x080004dc                __floatsidf
                0x080004dc                __aeabi_i2d
                0x08000500                __aeabi_f2d
                0x08000500                __extendsfdf2
                0x08000544                __floatundidf
                0x08000544                __aeabi_ul2d
                0x08000554                __floatdidf
                0x08000554                __aeabi_l2d
 *(.text*)
 .text.Audio_ADC_DAC_Init
                0x080005b0      0x158 ./Src/adc_dac.o
                0x080005b0                Audio_ADC_DAC_Init
 .text.process_audio_frame
                0x08000708       0xd4 ./Src/audio_process.o
                0x08000708                process_audio_frame
 .text.DMA2_Stream0_ADC_Init
                0x080007dc       0xa4 ./Src/dma.o
                0x080007dc                DMA2_Stream0_ADC_Init
 .text.DMA2_Stream0_IRQHandler
                0x08000880       0x58 ./Src/dma.o
                0x08000880                DMA2_Stream0_IRQHandler
 .text.DMA1_Stream5_DAC_Init
                0x080008d8       0xb4 ./Src/dma.o
                0x080008d8                DMA1_Stream5_DAC_Init
 .text.DMA1_Stream5_IRQHandler
                0x0800098c       0x58 ./Src/dma.o
                0x0800098c                DMA1_Stream5_IRQHandler
 .text.FPU_Init
                0x080009e4       0x20 ./Src/fpu.o
                0x080009e4                FPU_Init
 .text.GPIO_ClockEnable
                0x08000a04       0xe8 ./Src/gpio.o
                0x08000a04                GPIO_ClockEnable
 .text.GPIO_Init
                0x08000aec       0x48 ./Src/gpio.o
                0x08000aec                GPIO_Init
 .text.AudioBlock_Ready_Callback
                0x08000b34       0x28 ./Src/main.o
                0x08000b34                AudioBlock_Ready_Callback
 .text.DACBlock_Ready_Callback
                0x08000b5c       0x28 ./Src/main.o
                0x08000b5c                DACBlock_Ready_Callback
 .text.main     0x08000b84       0xcc ./Src/main.o
                0x08000b84                main
 .text.SystemClock_Init
                0x08000c50       0xd0 ./Src/main.o
                0x08000c50                SystemClock_Init
 .text.SysTick_Handler
                0x08000d20       0x1c ./Src/systick.o
                0x08000d20                SysTick_Handler
 .text.TIM2_SampleClock_Init
                0x08000d3c       0x98 ./Src/tim.o
                0x08000d3c                TIM2_SampleClock_Init
 .text.TIM2_IRQHandler
                0x08000dd4       0x50 ./Src/tim.o
                0x08000dd4                TIM2_IRQHandler
 .text.tremolo_process_samp
                0x08000e24       0xd0 ./Src/tremolo.o
                0x08000e24                tremolo_process_samp
 .text.USART3_IRQHandler
                0x08000ef4       0x84 ./Src/usart.o
                0x08000ef4                USART3_IRQHandler
 .text.USART3_DMABusy
                0x08000f78       0x24 ./Src/usart.o
                0x08000f78                USART3_DMABusy
 .text.USART3_TransmitDMA
                0x08000f9c       0x48 ./Src/usart.o
                0x08000f9c                USART3_TransmitDMA
 .text.Reset_Handler
                0x08000fe4       0x50 ./Startup/startup_stm32f767zitx.o
                0x08000fe4                Reset_Handler
 .text.Default_Handler
                0x08001034        0x2 ./Startup/startup_stm32f767zitx.o
                0x08001034                HASH_RNG_IRQHandler
                0x08001034                EXTI2_IRQHandler
                0x08001034                TIM8_CC_IRQHandler
                0x08001034                DebugMon_Handler
                0x08001034                UART8_IRQHandler
                0x08001034                LP_Timer1_IRQHandler
                0x08001034                SPI4_IRQHandler
                0x08001034                TIM1_CC_IRQHandler
                0x08001034                QuadSPI_IRQHandler
                0x08001034                DMA2_Stream5_IRQHandler
                0x08001034                HardFault_Handler
                0x08001034                JPEG_IRQHandler
                0x08001034                DSIHOST_IRQHandler
                0x08001034                CAN3_RX1_IRQHandler
                0x08001034                PVD_IRQHandler
                0x08001034                TAMP_STAMP_IRQHandler
                0x08001034                PendSV_Handler
                0x08001034                NMI_Handler
                0x08001034                CAN2_RX1_IRQHandler
                0x08001034                EXTI3_IRQHandler
                0x08001034                TIM8_TRG_COM_TIM14_IRQHandler
                0x08001034                DFSDM1_FLT1_IRQHandler
                0x08001034                TIM1_UP_TIM10_IRQHandler
                0x08001034                TIM8_UP_TIM13_IRQHandler
                0x08001034                I2C3_ER_IRQHandler
                0x08001034                DFSDM1_FLT2_IRQHandler
                0x08001034                LCD_TFT_IRQHandler
                0x08001034                EXTI0_IRQHandler
                0x08001034                I2C2_EV_IRQHandler
                0x08001034                DMA1_Stream2_IRQHandler
                0x08001034                CAN1_RX0_IRQHandler
                0x08001034                FPU_IRQHandler
                0x08001034                OTG_HS_WKUP_IRQHandler
                0x08001034                CAN3_SCE_IRQHandler
                0x08001034                UsageFault_Handler
                0x08001034                CAN2_SCE_IRQHandler
                0x08001034                DMA2_Stream2_IRQHandler
                0x08001034                SPI1_IRQHandler
                0x08001034                TIM6_DAC_IRQHandler
                0x08001034                TIM1_BRK_TIM9_IRQHandler
                0x08001034                DCMI_IRQHandler
                0x08001034                CAN2_RX0_IRQHandler
                0x08001034                DMA2_Stream3_IRQHandler
                0x08001034                RTC_ALARM_IRQHandler
                0x08001034                SAI2_IRQHandler
                0x08001034                DFSDM1_FLT3_IRQHandler
                0x08001034                USART6_IRQHandler
                0x08001034                CAN3_RX0_IRQHandler
                0x08001034                CRYP_IRQHandler
                0x08001034                CAN1_RX1_IRQHandler
                0x08001034                UART5_IRQHandler
                0x08001034                TIM4_IRQHandler
                0x08001034                I2C1_EV_IRQHandler
                0x08001034                HDMI_CEC_IRQHandler
                0x08001034                DMA1_Stream6_IRQHandler
                0x08001034                DMA1_Stream1_IRQHandler
                0x08001034                UART4_IRQHandler
                0x08001034                LCD_TFT_1_IRQHandler
                0x08001034                TIM3_IRQHandler
                0x08001034                RCC_IRQHandler
                0x08001034                TIM8_BRK_TIM12_IRQHandler
                0x08001034                Default_Handler
                0x08001034                EXTI15_10_IRQHandler
                0x08001034                ADC_IRQHandler
                0x08001034                DMA1_Stream7_IRQHandler
                0x08001034                SPI5_IRQHandler
                0x08001034                TIM7_IRQHandler
                0x08001034                SDMMC1_IRQHandler
                0x08001034                CAN2_TX_IRQHandler
                0x08001034                TIM5_IRQHandler
                0x08001034                DMA2_Stream7_IRQHandler
                0x08001034                I2C3_EV_IRQHandler
                0x08001034                EXTI9_5_IRQHandler
                0x08001034                RTC_WKUP_IRQHandler
                0x08001034                ETH_WKUP_IRQHandler
                0x08001034                SPI2_IRQHandler
                0x08001034                OTG_HS_EP1_IN_IRQHandler
                0x08001034                MemManage_Handler
                0x08001034                DMA1_Stream0_IRQHandler
                0x08001034                CAN1_TX_IRQHandler
                0x08001034                SVC_Handler
                0x08001034                EXTI4_IRQHandler
                0x08001034                ETH_IRQHandler
                0x08001034                OTG_HS_EP1_OUT_IRQHandler
                0x08001034                WWDG_IRQHandler
                0x08001034                SPI6_IRQHandler
                0x08001034                MDIOS_IRQHandler
                0x08001034                I2C4_EV_IRQHandler
                0x08001034                CAN3_TX_IRQHandler
                0x08001034                OTG_FS_WKUP_IRQHandler
                0x08001034                TIM1_TRG_COM_TIM11_IRQHandler
                0x08001034                OTG_HS_IRQHandler
                0x08001034                DMA2D_IRQHandler
                0x08001034                EXTI1_IRQHandler
                0x08001034                SDMMC2_IRQHandler
                0x08001034                UART7_IRQHandler
                0x08001034                USART2_IRQHandler
                0x08001034                DFSDM1_FLT0_IRQHandler
                0x08001034                I2C2_ER_IRQHandler
                0x08001034                SPDIFRX_IRQHandler
                0x08001034                DMA2_Stream1_IRQHandler
                0x08001034                CAN1_SCE_IRQHandler
                0x08001034                FLASH_IRQHandler
                0x08001034                DMA2_Stream4_IRQHandler
                0x08001034                BusFault_Handler
                0x08001034                USART1_IRQHandler
                0x08001034                OTG_FS_IRQHandler
                0x08001034                SPI3_IRQHandler
                0x08001034                DMA1_Stream4_IRQHandler
                0x08001034                I2C1_ER_IRQHandler
                0x08001034                FMC_IRQHandler
                0x08001034                I2C4_ER_IRQHandler
                0x08001034                DMA2_Stream6_IRQHandler
                0x08001034                SAI1_IRQHandler
                0x08001034                DMA1_Stream3_IRQHandler
 *fill*         0x08001036        0x2 
 .text.__errno  0x08001038        0xc C:/ST/STM32CubeIDE_2.0.0/STM32CubeIDE/plugins/com.st.stm32cube.ide.mcu.externaltools.gnu-tools-for-stm32.13.3.rel1.win32_1.0.100.202509120712/tools/bin/../lib/gcc/arm-none-eabi/13.3.1/../../../../arm-none-eabi/lib/thumb/v7e-m+dp/hard\libc_nano.a(libc_a-errno.o)
                0x08001038                __errno
 .text.__libc_init_array
                0x08001044       0x48 C:/ST/STM32CubeIDE_2.0.0/STM32CubeIDE/plugins/com.st.stm32cube.ide.mcu.externaltools.gnu-tools-for-stm32.13.3.rel1.win32_1.0.100.202509120712/tools/bin/../lib/gcc/arm-none-eabi/13.3.1/../../../../arm-none-eabi/lib/thumb/v7e-m+dp/hard\libc_nano.a(libc_a-init.o)
                0x08001044                __libc_init_array
 .text.sinf_poly
                0x0800108c       0x54 C:/ST/STM32CubeIDE_2.0.0/STM32CubeIDE/plugins/com.st.stm32cube.ide.mcu.externaltools.gnu-tools-for-stm32.13.3.rel1.win32_1.0.100.202509120712/tools/bin/../lib/gcc/arm-none-eabi/13.3.1/../../../../arm-none-eabi/lib/thumb/v7e-m+dp/hard\libm.a(libm_a-sinf.o)
 .text.sinf     0x080010e0      0x130 C:/ST/STM32CubeIDE_2.0.0/STM32CubeIDE/plugins/com.st.stm32cube.ide.mcu.externaltools.gnu-tools-for-stm32.13.3.rel1.win32_1.0.100.202509120712/tools/bin/../lib/gcc/arm-none-eabi/13.3.1/../../../../arm-none-eabi/lib/thumb/v7e-m+dp/hard\libm.a(libm_a-sinf.o)
                0x080010e0                sinf
 .text.with_errnof
                0x08001210       0x1c C:/ST/STM32CubeIDE_2.0.0/STM32CubeIDE/plugins/com.st.stm32cube.ide.mcu.externaltools.gnu-tools-for-stm32.13.3.rel1.win32_1.0.100.202509120712/tools/bin/../lib/gcc/arm-none-eabi/13.3.1/../../../../arm-none-eabi/lib/thumb/v7e-m+dp/hard\libm.a(libm_a-math_errf.o)
 .text.__math_invalidf
                0x0800122c       0x1e C:/ST/STM32CubeIDE_2.0.0/STM32CubeIDE/plugins/com.st.stm32cube.ide.mcu.externaltools.gnu-tools-for-stm32.13.3.rel1.win32_1.0.100.202509120712/tools/bin/../lib/gcc/arm-none-eabi/13.3.1/../../../../arm-none-eabi/lib/thumb/v7e-m+dp/hard\libm.a(libm_a-math_errf.o)
                0x0800122c                __math_invalidf
 *(.glue_7)
 .glue_7        0x0800124a        0x0 linker stubs
 *(.glue_7t)
 .glue_7t       0x0800124a        0x0 linker stubs
 *(.eh_frame)
 *fill*         0x0800124a        0x2 
 .eh_frame      0x0800124c        0x0 C:/ST/STM32CubeIDE_2.0.0/STM32CubeIDE/plugins/com.st.stm32cube.ide.mcu.externaltools.gnu-tools-for-stm32.13.3.rel1.win32_1.0.100.202509120712/tools/bin/../lib/gcc/arm-none-eabi/13.3.1/thumb/v7e-m+dp/hard/crtbegin.o
 *(.init)
 .init          0x0800124c        0x4 C:/ST/STM32CubeIDE_2.0.0/STM32CubeIDE/plugins/com.st.stm32cube.ide.mcu.externaltools.gnu-tools-for-stm32.13.3.rel1.win32_1.0.100.202509120712/tools/bin/../lib/gcc/arm-none-eabi/13.3.1/thumb/v7e-m+dp/hard/crti.o
                0x0800124c                _init
 .init          0x08001250        0x8 C:/ST/STM32CubeIDE_2.0.0/STM32CubeIDE/plugins/com.st.stm32cube.ide.mcu.externaltools.gnu-tools-for-stm32.13.3.rel1.win32_1.0.100.202509120712/tools/bin/../lib/gcc/arm-none-eabi/13.3.1/thumb/v7e-m+dp/hard/crtn.o
 *(.fini)
 .fini          0x08001258        0x4 C:/ST/STM32CubeIDE_2.0.0/STM32CubeIDE/plugins/com.st.stm32cube.ide.mcu.externaltools.gnu-tools-for-stm32.13.3.rel1.win32_1.0.100.202509120712/tools/bin/../lib/gcc/arm-none-eabi/13.3.1/thumb/v7e-m+dp/hard/crti.o
                0x08001258                _fini
 .fini          0x0800125c        0x8 C:/ST/STM32CubeIDE_2.0.0/STM32CubeIDE/plugins/com.st.stm32cube.ide.mcu.externaltools.gnu-tools-for-stm32.13.3.rel1.win32_1.0.100.202509120712/tools/bin/../lib/gcc/arm-none-eabi/13.3.1/thumb/v7e-m+dp/hard/crtn.o
                0x08001264                        . = ALIGN (0x4)
                0x08001264                        _etext = .

.vfp11_veneer   0x08001264        0x0
 .vfp11_veneer  0x08001264        0x0 linker stubs

.v4_bx          0x08001264        0x0
 .v4_bx         0x08001264        0x0 linker stubs

.iplt           0x08001264        0x0
 .iplt          0x08001264        0x0 C:/ST/STM32CubeIDE_2.0.0/STM32CubeIDE/plugins/com.st.stm32cube.ide.mcu.externaltools.gnu-tools-for-stm32.13.3.rel1.win32_1.0.100.202509120712/tools/bin/../lib/gcc/arm-none-eabi/13.3.1/thumb/v7e-m+dp/hard/crtbegin.o

.rodata         0x08001268      0x140
                0x08001268                        . = ALIGN (0x4)
 *(.rodata)
 *(.rodata*)
 .rodata.__inv_pio4
                0x08001268       0x60 C:/ST/STM32CubeIDE_2.0.0/STM32CubeIDE/plugins/com.st.stm32cube.ide.mcu.externaltools.gnu-tools-for-stm32.13.3.rel1.win32_1.0.100.202509120712/tools/bin/../lib/gcc/arm-none-eabi/13.3.1/../../../../arm-none-eabi/lib/thumb/v7e-m+dp/hard\libm.a(libm_a-sincosf_data.o)
                0x08001268                __inv_pio4
 .rodata.__sincosf_table
                0x080012c8       0xe0 C:/ST/STM32CubeIDE_2.0.0/STM32CubeIDE/plugins/com.st.stm32cube.ide.mcu.externaltools.gnu-tools-for-stm32.13.3.rel1.win32_1.0.100.202509120712/tools/bin/../lib/gcc/arm-none-eabi/13.3.1/../../../../arm-none-eabi/lib/thumb/v7e-m+dp/hard\libm.a(libm_a-sincosf_data.o)
                0x080012c8                __sincosf_table
                0x080013a8                        . = ALIGN (0x4)

.ARM.extab      0x080013a8        0x0
                0x080013a8                        . = ALIGN (0x4)
 *(.ARM.extab* .gnu.linkonce.armextab.*)
                0x080013a8                        . = ALIGN (0x4)

.ARM            0x080013a8        0x0
                0x080013a8                        . = ALIGN (0x4)
                0x080013a8                        __exidx_start = .
 *(.ARM.exidx*)
                0x080013a8                        __exidx_end = .
                0x080013a8                        . = ALIGN (0x4)

.preinit_array  0x080013a8        0x0
                0x080013a8                        . = ALIGN (0x4)
                0x080013a8                        PROVIDE (__preinit_array_start = .)
 *(.preinit_array*)
                0x080013a8                        PROVIDE (__preinit_array_end = .)
                0x080013a8                        . = ALIGN (0x4)

.init_array     0x080013a8        0x4
                0x080013a8                        . = ALIGN (0x4)
                0x080013a8                        PROVIDE (__init_array_start = .)
 *(SORT_BY_NAME(.init_array.*))
 *(.init_array*)
 .init_array    0x080013a8        0x4 C:/ST/STM32CubeIDE_2.0.0/STM32CubeIDE/plugins/com.st.stm32cube.ide.mcu.externaltools.gnu-tools-for-stm32.13.3.rel1.win32_1.0.100.202509120712/tools/bin/../lib/gcc/arm-none-eabi/13.3.1/thumb/v7e-m+dp/hard/crtbegin.o
                0x080013ac                        PROVIDE (__init_array_end = .)
                0x080013ac                        . = ALIGN (0x4)

.fini_array     0x080013ac        0x4
                0x080013ac                        . = ALIGN (0x4)
                [!provide]                        PROVIDE (__fini_array_start = .)
 *(SORT_BY_NAME(.fini_array.*))
 *(.fini_array*)
 .fini_array    0x080013ac        0x4 C:/ST/STM32CubeIDE_2.0.0/STM32CubeIDE/plugins/com.st.stm32cube.ide.mcu.externaltools.gnu-tools-for-stm32.13.3.rel1.win32_1.0.100.202509120712/tools/bin/../lib/gcc/arm-none-eabi/13.3.1/thumb/v7e-m+dp/hard/crtbegin.o
                [!provide]                        PROVIDE (__fini_array_end = .)
                0x080013b0                        . = ALIGN (0x4)
                0x080013b0                        _sidata = LOADADDR (.data)

.rel.dyn        0x080013b0        0x0
 .rel.iplt      0x080013b0        0x0 C:/ST/STM32CubeIDE_2.0.0/STM32CubeIDE/plugins/com.st.stm32cube.ide.mcu.externaltools.gnu-tools-for-stm32.13.3.rel1.win32_1.0.100.202509120712/tools/bin/../lib/gcc/arm-none-eabi/13.3.1/thumb/v7e-m+dp/hard/crtbegin.o

.data           0x20000000       0x60 load address 0x080013b0
                0x20000000                        . = ALIGN (0x4)
                0x20000000                        _sdata = .
 *(.data)
 *(.data*)
 .data.audio_gain
                0x20000000        0x4 ./Src/audio_process.o
 .data.g_tremolo_depth
                0x20000004        0x4 ./Src/tremolo.o
 .data.g_tremolo_rate
                0x20000008        0x4 ./Src/tremolo.o
 .data.g_tremolo_freq
                0x2000000c        0x4 ./Src/tremolo.o
 .data._impure_ptr
                0x20000010        0x4 C:/ST/STM32CubeIDE_2.0.0/STM32CubeIDE/plugins/com.st.stm32cube.ide.mcu.externaltools.gnu-tools-for-stm32.13.3.rel1.win32_1.0.100.202509120712/tools/bin/../lib/gcc/arm-none-eabi/13.3.1/../../../../arm-none-eabi/lib/thumb/v7e-m+dp/hard\libc_nano.a(libc_a-impure.o)
                0x20000010                _impure_ptr
 .data._impure_data
                0x20000014       0x4c C:/ST/STM32CubeIDE_2.0.0/STM32CubeIDE/plugins/com.st.stm32cube.ide.mcu.externaltools.gnu-tools-for-stm32.13.3.rel1.win32_1.0.100.202509120712/tools/bin/../lib/gcc/arm-none-eabi/13.3.1/../../../../arm-none-eabi/lib/thumb/v7e-m+dp/hard\libc_nano.a(libc_a-impure.o)
                0x20000014                _impure_data
 *(.RamFunc)
 *(.RamFunc*)
                0x20000060                        . = ALIGN (0x4)
                0x20000060                        _edata = .

.igot.plt       0x20000060        0x0 load address 0x08001410
 .igot.plt      0x20000060        0x0 C:/ST/STM32CubeIDE_2.0.0/STM32CubeIDE/plugins/com.st.stm32cube.ide.mcu.externaltools.gnu-tools-for-stm32.13.3.rel1.win32_1.0.100.202509120712/tools/bin/../lib/gcc/arm-none-eabi/13.3.1/thumb/v7e-m+dp/hard/crtbegin.o
                0x20000060                        . = ALIGN (0x4)

.bss            0x20000060      0x9fc load address 0x08001410
                0x20000060                        _sbss = .
                0x20000060                        __bss_start__ = _sbss
 *(.bss)
 .bss           0x20000060       0x1c C:/ST/STM32CubeIDE_2.0.0/STM32CubeIDE/plugins/com.st.stm32cube.ide.mcu.externaltools.gnu-tools-for-stm32.13.3.rel1.win32_1.0.100.202509120712/tools/bin/../lib/gcc/arm-none-eabi/13.3.1/thumb/v7e-m+dp/hard/crtbegin.o
 *(.bss*)
 .bss.dma_adc_callback
                0x2000007c        0x4 ./Src/dma.o
 .bss.dma_dac_callback
                0x20000080        0x4 ./Src/dma.o
 .bss.adc_ping_buf
                0x20000084      0x200 ./Src/main.o
 .bss.adc_pong_buf
                0x20000284      0x200 ./Src/main.o
 .bss.dac_ping_buf
                0x20000484      0x200 ./Src/main.o
 .bss.dac_pong_buf
                0x20000684      0x200 ./Src/main.o
 .bss.adc_frame_ready
                0x20000884        0x1 ./Src/main.o
 .bss.dac_frame_ready
                0x20000885        0x1 ./Src/main.o
 *fill*         0x20000886        0x2 
 .bss.active_processing_buf
                0x20000888        0x4 ./Src/main.o
 .bss.available_output_buf
                0x2000088c        0x4 ./Src/main.o
 .bss.g_ticks   0x20000890        0x4 ./Src/systick.o
                0x20000890                g_ticks
 .bss.telemetry_buf_ptr
                0x20000894        0x4 ./Src/tim.o
 .bss.telemetry_len
                0x20000898        0x2 ./Src/tim.o
 *fill*         0x2000089a        0x2 
 .bss.g_tremolo_phase
                0x2000089c        0x4 ./Src/tremolo.o
 .bss.rx_ring_buffer
                0x200008a0       0x84 ./Src/usart.o
 .bss.__sf      0x20000924      0x138 C:/ST/STM32CubeIDE_2.0.0/STM32CubeIDE/plugins/com.st.stm32cube.ide.mcu.externaltools.gnu-tools-for-stm32.13.3.rel1.win32_1.0.100.202509120712/tools/bin/../lib/gcc/arm-none-eabi/13.3.1/../../../../arm-none-eabi/lib/thumb/v7e-m+dp/hard\libc_nano.a(libc_a-findfp.o)
                0x20000924                __sf
 *(COMMON)
                0x20000a5c                        . = ALIGN (0x4)
                0x20000a5c                        _ebss = .
                0x20000a5c                        __bss_end__ = _ebss

._user_heap_stack
                0x20000a5c      0x604 load address 0x08001410
                0x20000a60                        . = ALIGN (0x8)
 *fill*         0x20000a5c        0x4 
                [!provide]                        PROVIDE (end = .)
                0x20000a60                        PROVIDE (_end = .)
                0x20000c60                        . = (. + _Min_Heap_Size)
 *fill*         0x20000a60      0x200 
                0x20001060                        . = (. + _Min_Stack_Size)
 *fill*         0x20000c60      0x400 
                0x20001060                        . = ALIGN (0x8)

/DISCARD/
 libc.a(*)
 libm.a(*)
 libgcc.a(*)

.ARM.attributes
                0x00000000       0x2e
 *(.ARM.attributes)
 .ARM.attributes
                0x00000000       0x20 C:/ST/STM32CubeIDE_2.0.0/STM32CubeIDE/plugins/com.st.stm32cube.ide.mcu.externaltools.gnu-tools-for-stm32.13.3.rel1.win32_1.0.100.202509120712/tools/bin/../lib/gcc/arm-none-eabi/13.3.1/thumb/v7e-m+dp/hard/crti.o
 .ARM.attributes
                0x00000020       0x32 C:/ST/STM32CubeIDE_2.0.0/STM32CubeIDE/plugins/com.st.stm32cube.ide.mcu.externaltools.gnu-tools-for-stm32.13.3.rel1.win32_1.0.100.202509120712/tools/bin/../lib/gcc/arm-none-eabi/13.3.1/thumb/v7e-m+dp/hard/crtbegin.o
 .ARM.attributes
                0x00000052       0x32 ./Src/adc_dac.o
 .ARM.attributes
                0x00000084       0x32 ./Src/audio_process.o
 .ARM.attributes
                0x000000b6       0x32 ./Src/dma.o
 .ARM.attributes
                0x000000e8       0x32 ./Src/fpu.o
 .ARM.attributes
                0x0000011a       0x32 ./Src/gpio.o
 .ARM.attributes
                0x0000014c       0x32 ./Src/main.o
 .ARM.attributes
                0x0000017e       0x32 ./Src/systick.o
 .ARM.attributes
                0x000001b0       0x32 ./Src/tim.o
 .ARM.attributes
                0x000001e2       0x32 ./Src/tremolo.o
 .ARM.attributes
                0x00000214       0x32 ./Src/usart.o
 .ARM.attributes
                0x00000246       0x21 ./Startup/startup_stm32f767zitx.o
 .ARM.attributes
                0x00000267       0x32 C:/ST/STM32CubeIDE_2.0.0/STM32CubeIDE/plugins/com.st.stm32cube.ide.mcu.externaltools.gnu-tools-for-stm32.13.3.rel1.win32_1.0.100.202509120712/tools/bin/../lib/gcc/arm-none-eabi/13.3.1/../../../../arm-none-eabi/lib/thumb/v7e-m+dp/hard\libc_nano.a(libc_a-findfp.o)
 .ARM.attributes
                0x00000299       0x32 C:/ST/STM32CubeIDE_2.0.0/STM32CubeIDE/plugins/com.st.stm32cube.ide.mcu.externaltools.gnu-tools-for-stm32.13.3.rel1.win32_1.0.100.202509120712/tools/bin/../lib/gcc/arm-none-eabi/13.3.1/../../../../arm-none-eabi/lib/thumb/v7e-m+dp/hard\libc_nano.a(libc_a-impure.o)
 .ARM.attributes
                0x000002cb       0x32 C:/ST/STM32CubeIDE_2.0.0/STM32CubeIDE/plugins/com.st.stm32cube.ide.mcu.externaltools.gnu-tools-for-stm32.13.3.rel1.win32_1.0.100.202509120712/tools/bin/../lib/gcc/arm-none-eabi/13.3.1/../../../../arm-none-eabi/lib/thumb/v7e-m+dp/hard\libc_nano.a(libc_a-errno.o)
 .ARM.attributes
                0x000002fd       0x32 C:/ST/STM32CubeIDE_2.0.0/STM32CubeIDE/plugins/com.st.stm32cube.ide.mcu.externaltools.gnu-tools-for-stm32.13.3.rel1.win32_1.0.100.202509120712/tools/bin/../lib/gcc/arm-none-eabi/13.3.1/../../../../arm-none-eabi/lib/thumb/v7e-m+dp/hard\libc_nano.a(libc_a-init.o)
 .ARM.attributes
                0x0000032f       0x32 C:/ST/STM32CubeIDE_2.0.0/STM32CubeIDE/plugins/com.st.stm32cube.ide.mcu.externaltools.gnu-tools-for-stm32.13.3.rel1.win32_1.0.100.202509120712/tools/bin/../lib/gcc/arm-none-eabi/13.3.1/../../../../arm-none-eabi/lib/thumb/v7e-m+dp/hard\libm.a(libm_a-sinf.o)
 .ARM.attributes
                0x00000361       0x32 C:/ST/STM32CubeIDE_2.0.0/STM32CubeIDE/plugins/com.st.stm32cube.ide.mcu.externaltools.gnu-tools-for-stm32.13.3.rel1.win32_1.0.100.202509120712/tools/bin/../lib/gcc/arm-none-eabi/13.3.1/../../../../arm-none-eabi/lib/thumb/v7e-m+dp/hard\libm.a(libm_a-sincosf_data.o)
 .ARM.attributes
                0x00000393       0x32 C:/ST/STM32CubeIDE_2.0.0/STM32CubeIDE/plugins/com.st.stm32cube.ide.mcu.externaltools.gnu-tools-for-stm32.13.3.rel1.win32_1.0.100.202509120712/tools/bin/../lib/gcc/arm-none-eabi/13.3.1/../../../../arm-none-eabi/lib/thumb/v7e-m+dp/hard\libm.a(libm_a-math_errf.o)
 .ARM.attributes
                0x000003c5       0x20 C:/ST/STM32CubeIDE_2.0.0/STM32CubeIDE/plugins/com.st.stm32cube.ide.mcu.externaltools.gnu-tools-for-stm32.13.3.rel1.win32_1.0.100.202509120712/tools/bin/../lib/gcc/arm-none-eabi/13.3.1/thumb/v7e-m+dp/hard\libgcc.a(_arm_addsubdf3.o)
 .ARM.attributes
                0x000003e5       0x20 C:/ST/STM32CubeIDE_2.0.0/STM32CubeIDE/plugins/com.st.stm32cube.ide.mcu.externaltools.gnu-tools-for-stm32.13.3.rel1.win32_1.0.100.202509120712/tools/bin/../lib/gcc/arm-none-eabi/13.3.1/thumb/v7e-m+dp/hard/crtn.o
OUTPUT(BareMetal_Telemetry_Node.elf elf32-littlearm)
LOAD linker stubs
LOAD C:/ST/STM32CubeIDE_2.0.0/STM32CubeIDE/plugins/com.st.stm32cube.ide.mcu.externaltools.gnu-tools-for-stm32.13.3.rel1.win32_1.0.100.202509120712/tools/bin/../lib/gcc/arm-none-eabi/13.3.1/../../../../arm-none-eabi/lib/thumb/v7e-m+dp/hard\libc.a
LOAD C:/ST/STM32CubeIDE_2.0.0/STM32CubeIDE/plugins/com.st.stm32cube.ide.mcu.externaltools.gnu-tools-for-stm32.13.3.rel1.win32_1.0.100.202509120712/tools/bin/../lib/gcc/arm-none-eabi/13.3.1/../../../../arm-none-eabi/lib/thumb/v7e-m+dp/hard\libm.a
LOAD C:/ST/STM32CubeIDE_2.0.0/STM32CubeIDE/plugins/com.st.stm32cube.ide.mcu.externaltools.gnu-tools-for-stm32.13.3.rel1.win32_1.0.100.202509120712/tools/bin/../lib/gcc/arm-none-eabi/13.3.1/thumb/v7e-m+dp/hard\libgcc.a

.debug_info     0x00000000     0x2902
 .debug_info    0x00000000      0x5a9 ./Src/adc_dac.o
 .debug_info    0x000005a9      0x165 ./Src/audio_process.o
 .debug_info    0x0000070e      0x7a7 ./Src/dma.o
 .debug_info    0x00000eb5      0x103 ./Src/fpu.o
 .debug_info    0x00000fb8      0x42a ./Src/gpio.o
 .debug_info    0x000013e2      0x5c5 ./Src/main.o
 .debug_info    0x000019a7      0x149 ./Src/systick.o
 .debug_info    0x00001af0      0x51b ./Src/tim.o
 .debug_info    0x0000200b      0x12a ./Src/tremolo.o
 .debug_info    0x00002135      0x79d ./Src/usart.o
 .debug_info    0x000028d2       0x30 ./Startup/startup_stm32f767zitx.o

.debug_abbrev   0x00000000      0xbcc
 .debug_abbrev  0x00000000      0x128 ./Src/adc_dac.o
 .debug_abbrev  0x00000128       0xbc ./Src/audio_process.o
 .debug_abbrev  0x000001e4      0x173 ./Src/dma.o
 .debug_abbrev  0x00000357       0xa1 ./Src/fpu.o
 .debug_abbrev  0x000003f8      0x125 ./Src/gpio.o
 .debug_abbrev  0x0000051d      0x1c0 ./Src/main.o
 .debug_abbrev  0x000006dd       0xf9 ./Src/systick.o
 .debug_abbrev  0x000007d6      0x162 ./Src/tim.o
 .debug_abbrev  0x00000938       0x88 ./Src/tremolo.o
 .debug_abbrev  0x000009c0      0x1e8 ./Src/usart.o
 .debug_abbrev  0x00000ba8       0x24 ./Startup/startup_stm32f767zitx.o

.debug_aranges  0x00000000      0x238
 .debug_aranges
                0x00000000       0x28 ./Src/adc_dac.o
 .debug_aranges
                0x00000028       0x20 ./Src/audio_process.o
 .debug_aranges
                0x00000048       0x38 ./Src/dma.o
 .debug_aranges
                0x00000080       0x20 ./Src/fpu.o
 .debug_aranges
                0x000000a0       0x48 ./Src/gpio.o
 .debug_aranges
                0x000000e8       0x40 ./Src/main.o
 .debug_aranges
                0x00000128       0x38 ./Src/systick.o
 .debug_aranges
                0x00000160       0x30 ./Src/tim.o
 .debug_aranges
                0x00000190       0x20 ./Src/tremolo.o
 .debug_aranges
                0x000001b0       0x60 ./Src/usart.o
 .debug_aranges
                0x00000210       0x28 ./Startup/startup_stm32f767zitx.o

.debug_rnglists
                0x00000000      0x180
 .debug_rnglists
                0x00000000       0x1a ./Src/adc_dac.o
 .debug_rnglists
                0x0000001a       0x14 ./Src/audio_process.o
 .debug_rnglists
                0x0000002e       0x27 ./Src/dma.o
 .debug_rnglists
                0x00000055       0x13 ./Src/fpu.o
 .debug_rnglists
                0x00000068       0x32 ./Src/gpio.o
 .debug_rnglists
                0x0000009a       0x2e ./Src/main.o
 .debug_rnglists
                0x000000c8       0x25 ./Src/systick.o
 .debug_rnglists
                0x000000ed       0x21 ./Src/tim.o
 .debug_rnglists
                0x0000010e       0x14 ./Src/tremolo.o
 .debug_rnglists
                0x00000122       0x45 ./Src/usart.o
 .debug_rnglists
                0x00000167       0x19 ./Startup/startup_stm32f767zitx.o

.debug_macro    0x00000000     0x2966
 .debug_macro   0x00000000       0x89 ./Src/adc_dac.o
 .debug_macro   0x00000089      0xaf6 ./Src/adc_dac.o
 .debug_macro   0x00000b7f       0x22 ./Src/adc_dac.o
 .debug_macro   0x00000ba1       0x8e ./Src/adc_dac.o
 .debug_macro   0x00000c2f       0x51 ./Src/adc_dac.o
 .debug_macro   0x00000c80      0x103 ./Src/adc_dac.o
 .debug_macro   0x00000d83       0x6a ./Src/adc_dac.o
 .debug_macro   0x00000ded      0x1df ./Src/adc_dac.o
 .debug_macro   0x00000fcc      0x10e ./Src/adc_dac.o
 .debug_macro   0x000010da       0xe2 ./Src/adc_dac.o
 .debug_macro   0x000011bc      0x13d ./Src/audio_process.o
 .debug_macro   0x000012f9       0x5b ./Src/audio_process.o
 .debug_macro   0x00001354       0x29 ./Src/audio_process.o
 .debug_macro   0x0000137d       0x94 ./Src/audio_process.o
 .debug_macro   0x00001411       0x43 ./Src/audio_process.o
 .debug_macro   0x00001454       0x34 ./Src/audio_process.o
 .debug_macro   0x00001488      0x190 ./Src/audio_process.o
 .debug_macro   0x00001618       0x57 ./Src/audio_process.o
 .debug_macro   0x0000166f      0x370 ./Src/audio_process.o
 .debug_macro   0x000019df       0x16 ./Src/audio_process.o
 .debug_macro   0x000019f5       0x4a ./Src/audio_process.o
 .debug_macro   0x00001a3f       0x34 ./Src/audio_process.o
 .debug_macro   0x00001a73       0x10 ./Src/audio_process.o
 .debug_macro   0x00001a83       0x58 ./Src/audio_process.o
 .debug_macro   0x00001adb       0x8e ./Src/audio_process.o
 .debug_macro   0x00001b69       0x1c ./Src/audio_process.o
 .debug_macro   0x00001b85      0x185 ./Src/audio_process.o
 .debug_macro   0x00001d0a      0x19b ./Src/audio_process.o
 .debug_macro   0x00001ea5      0x114 ./Src/audio_process.o
 .debug_macro   0x00001fb9       0x85 ./Src/dma.o
 .debug_macro   0x0000203e       0x7c ./Src/fpu.o
 .debug_macro   0x000020ba       0x81 ./Src/gpio.o
 .debug_macro   0x0000213b       0xdc ./Src/gpio.o
 .debug_macro   0x00002217      0x208 ./Src/main.o
 .debug_macro   0x0000241f       0x61 ./Src/main.o
 .debug_macro   0x00002480       0x10 ./Src/main.o
 .debug_macro   0x00002490       0x3c ./Src/main.o
 .debug_macro   0x000024cc       0x20 ./Src/main.o
 .debug_macro   0x000024ec       0x1c ./Src/main.o
 .debug_macro   0x00002508       0x10 ./Src/main.o
 .debug_macro   0x00002518       0x1c ./Src/main.o
 .debug_macro   0x00002534       0x16 ./Src/main.o
 .debug_macro   0x0000254a      0x146 ./Src/main.o
 .debug_macro   0x00002690       0x10 ./Src/main.o
 .debug_macro   0x000026a0       0x82 ./Src/systick.o
 .debug_macro   0x00002722       0xa2 ./Src/tim.o
 .debug_macro   0x000027c4      0x117 ./Src/tremolo.o
 .debug_macro   0x000028db       0x8b ./Src/usart.o

.debug_line     0x00000000     0x387b
 .debug_line    0x00000000      0x52c ./Src/adc_dac.o
 .debug_line    0x0000052c      0x5f4 ./Src/audio_process.o
 .debug_line    0x00000b20      0x5d1 ./Src/dma.o
 .debug_line    0x000010f1      0x429 ./Src/fpu.o
 .debug_line    0x0000151a      0x5cf ./Src/gpio.o
 .debug_line    0x00001ae9      0x7d5 ./Src/main.o
 .debug_line    0x000022be      0x493 ./Src/systick.o
 .debug_line    0x00002751      0x504 ./Src/tim.o
 .debug_line    0x00002c55      0x591 ./Src/tremolo.o
 .debug_line    0x000031e6      0x61a ./Src/usart.o
 .debug_line    0x00003800       0x7b ./Startup/startup_stm32f767zitx.o

.debug_str      0x00000000     0x8e11
 .debug_str     0x00000000     0x8e11 ./Src/adc_dac.o
                               0x45d9 (size before relaxing)
 .debug_str     0x00008e11        0x0 ./Src/audio_process.o
                               0x80fd (size before relaxing)
 .debug_str     0x00008e11        0x0 ./Src/dma.o
                               0x48a7 (size before relaxing)
 .debug_str     0x00008e11        0x0 ./Src/fpu.o
                               0x426d (size before relaxing)
 .debug_str     0x00008e11        0x0 ./Src/gpio.o
                               0x4514 (size before relaxing)
 .debug_str     0x00008e11        0x0 ./Src/main.o
                               0x8ab3 (size before relaxing)
 .debug_str     0x00008e11        0x0 ./Src/systick.o
                               0x42a3 (size before relaxing)
 .debug_str     0x00008e11        0x0 ./Src/tim.o
                               0x48fa (size before relaxing)
 .debug_str     0x00008e11        0x0 ./Src/tremolo.o
                               0x7b59 (size before relaxing)
 .debug_str     0x00008e11        0x0 ./Src/usart.o
                               0x465d (size before relaxing)
 .debug_str     0x00008e11        0x0 ./Startup/startup_stm32f767zitx.o
                                 0x7b (size before relaxing)

.comment        0x00000000       0x43
 .comment       0x00000000       0x43 ./Src/adc_dac.o
                                 0x44 (size before relaxing)
 .comment       0x00000043        0x0 ./Src/audio_process.o
                                 0x44 (size before relaxing)
 .comment       0x00000043        0x0 ./Src/dma.o
                                 0x44 (size before relaxing)
 .comment       0x00000043        0x0 ./Src/fpu.o
                                 0x44 (size before relaxing)
 .comment       0x00000043        0x0 ./Src/gpio.o
                                 0x44 (size before relaxing)
 .comment       0x00000043        0x0 ./Src/main.o
                                 0x44 (size before relaxing)
 .comment       0x00000043        0x0 ./Src/systick.o
                                 0x44 (size before relaxing)
 .comment       0x00000043        0x0 ./Src/tim.o
                                 0x44 (size before relaxing)
 .comment       0x00000043        0x0 ./Src/tremolo.o
                                 0x44 (size before relaxing)
 .comment       0x00000043        0x0 ./Src/usart.o
                                 0x44 (size before relaxing)

.debug_frame    0x00000000      0x8f0
 .debug_frame   0x00000000       0x54 ./Src/adc_dac.o
 .debug_frame   0x00000054       0x34 ./Src/audio_process.o
 .debug_frame   0x00000088       0xa8 ./Src/dma.o
 .debug_frame   0x00000130       0x30 ./Src/fpu.o
 .debug_frame   0x00000160       0xfc ./Src/gpio.o
 .debug_frame   0x0000025c       0xc4 ./Src/main.o
 .debug_frame   0x00000320       0x98 ./Src/systick.o
 .debug_frame   0x000003b8       0x7c ./Src/tim.o
 .debug_frame   0x00000434       0x34 ./Src/tremolo.o
 .debug_frame   0x00000468      0x15c ./Src/usart.o
 .debug_frame   0x000005c4      0x144 C:/ST/STM32CubeIDE_2.0.0/STM32CubeIDE/plugins/com.st.stm32cube.ide.mcu.externaltools.gnu-tools-for-stm32.13.3.rel1.win32_1.0.100.202509120712/tools/bin/../lib/gcc/arm-none-eabi/13.3.1/../../../../arm-none-eabi/lib/thumb/v7e-m+dp/hard\libc_nano.a(libc_a-findfp.o)
 .debug_frame   0x00000708       0x20 C:/ST/STM32CubeIDE_2.0.0/STM32CubeIDE/plugins/com.st.stm32cube.ide.mcu.externaltools.gnu-tools-for-stm32.13.3.rel1.win32_1.0.100.202509120712/tools/bin/../lib/gcc/arm-none-eabi/13.3.1/../../../../arm-none-eabi/lib/thumb/v7e-m+dp/hard\libc_nano.a(libc_a-errno.o)
 .debug_frame   0x00000728       0x2c C:/ST/STM32CubeIDE_2.0.0/STM32CubeIDE/plugins/com.st.stm32cube.ide.mcu.externaltools.gnu-tools-for-stm32.13.3.rel1.win32_1.0.100.202509120712/tools/bin/../lib/gcc/arm-none-eabi/13.3.1/../../../../arm-none-eabi/lib/thumb/v7e-m+dp/hard\libc_nano.a(libc_a-init.o)
 .debug_frame   0x00000754       0x58 C:/ST/STM32CubeIDE_2.0.0/STM32CubeIDE/plugins/com.st.stm32cube.ide.mcu.externaltools.gnu-tools-for-stm32.13.3.rel1.win32_1.0.100.202509120712/tools/bin/../lib/gcc/arm-none-eabi/13.3.1/../../../../arm-none-eabi/lib/thumb/v7e-m+dp/hard\libm.a(libm_a-sinf.o)
 .debug_frame   0x000007ac       0x98 C:/ST/STM32CubeIDE_2.0.0/STM32CubeIDE/plugins/com.st.stm32cube.ide.mcu.externaltools.gnu-tools-for-stm32.13.3.rel1.win32_1.0.100.202509120712/tools/bin/../lib/gcc/arm-none-eabi/13.3.1/../../../../arm-none-eabi/lib/thumb/v7e-m+dp/hard\libm.a(libm_a-math_errf.o)
 .debug_frame   0x00000844       0xac C:/ST/STM32CubeIDE_2.0.0/STM32CubeIDE/plugins/com.st.stm32cube.ide.mcu.externaltools.gnu-tools-for-stm32.13.3.rel1.win32_1.0.100.202509120712/tools/bin/../lib/gcc/arm-none-eabi/13.3.1/thumb/v7e-m+dp/hard\libgcc.a(_arm_addsubdf3.o)

.debug_line_str
                0x00000000       0x5f
 .debug_line_str
                0x00000000       0x5f ./Startup/startup_stm32f767zitx.o
